Archive member included to satisfy reference by file (symbol)

f:/mina/embeded_systems/es_iti_intake_40/es_turkey comp. arch/materials/arm tools iti/arm gcc/bin/../lib/gcc/arm-none-eabi/5.4.1/armv7-m\libgcc.a(_arm_addsubsf3.o)
                              ./MCAL/UART_program.o (__aeabi_fsub)
f:/mina/embeded_systems/es_iti_intake_40/es_turkey comp. arch/materials/arm tools iti/arm gcc/bin/../lib/gcc/arm-none-eabi/5.4.1/armv7-m\libgcc.a(_arm_muldivsf3.o)
                              ./MCAL/UART_program.o (__aeabi_fmul)
f:/mina/embeded_systems/es_iti_intake_40/es_turkey comp. arch/materials/arm tools iti/arm gcc/bin/../lib/gcc/arm-none-eabi/5.4.1/armv7-m\libgcc.a(_arm_fixunssfsi.o)
                              ./MCAL/UART_program.o (__aeabi_f2uiz)
f:/mina/embeded_systems/es_iti_intake_40/es_turkey comp. arch/materials/arm tools iti/arm gcc/bin/../lib/gcc/arm-none-eabi/5.4.1/armv7-m\libgcc.a(_aeabi_uldivmod.o)
                              ./MCAL/SYSTICK.o (__aeabi_uldivmod)
f:/mina/embeded_systems/es_iti_intake_40/es_turkey comp. arch/materials/arm tools iti/arm gcc/bin/../lib/gcc/arm-none-eabi/5.4.1/armv7-m\libgcc.a(_udivmoddi4.o)
                              f:/mina/embeded_systems/es_iti_intake_40/es_turkey comp. arch/materials/arm tools iti/arm gcc/bin/../lib/gcc/arm-none-eabi/5.4.1/armv7-m\libgcc.a(_aeabi_uldivmod.o) (__udivmoddi4)
f:/mina/embeded_systems/es_iti_intake_40/es_turkey comp. arch/materials/arm tools iti/arm gcc/bin/../lib/gcc/arm-none-eabi/5.4.1/armv7-m\libgcc.a(_dvmd_tls.o)
                              f:/mina/embeded_systems/es_iti_intake_40/es_turkey comp. arch/materials/arm tools iti/arm gcc/bin/../lib/gcc/arm-none-eabi/5.4.1/armv7-m\libgcc.a(_aeabi_uldivmod.o) (__aeabi_ldiv0)
f:/mina/embeded_systems/es_iti_intake_40/es_turkey comp. arch/materials/arm tools iti/arm gcc/bin/../lib/gcc/arm-none-eabi/5.4.1/../../../../arm-none-eabi/lib/armv7-m\libg_nano.a(lib_a-errno.o)
                              ./system/src/newlib/_sbrk.o (__errno)
f:/mina/embeded_systems/es_iti_intake_40/es_turkey comp. arch/materials/arm tools iti/arm gcc/bin/../lib/gcc/arm-none-eabi/5.4.1/../../../../arm-none-eabi/lib/armv7-m\libg_nano.a(lib_a-impure.o)
                              f:/mina/embeded_systems/es_iti_intake_40/es_turkey comp. arch/materials/arm tools iti/arm gcc/bin/../lib/gcc/arm-none-eabi/5.4.1/../../../../arm-none-eabi/lib/armv7-m\libg_nano.a(lib_a-errno.o) (_impure_ptr)
f:/mina/embeded_systems/es_iti_intake_40/es_turkey comp. arch/materials/arm tools iti/arm gcc/bin/../lib/gcc/arm-none-eabi/5.4.1/../../../../arm-none-eabi/lib/armv7-m\libg_nano.a(lib_a-strlen.o)
                              ./system/src/diag/Trace.o (strlen)
f:/mina/embeded_systems/es_iti_intake_40/es_turkey comp. arch/materials/arm tools iti/arm gcc/bin/../lib/gcc/arm-none-eabi/5.4.1/../../../../arm-none-eabi/lib/armv7-m\libg_nano.a(lib_a-vsnprintf.o)
                              ./system/src/diag/Trace.o (vsnprintf)
f:/mina/embeded_systems/es_iti_intake_40/es_turkey comp. arch/materials/arm tools iti/arm gcc/bin/../lib/gcc/arm-none-eabi/5.4.1/../../../../arm-none-eabi/lib/armv7-m\libg_nano.a(lib_a-nano-svfprintf.o)
                              f:/mina/embeded_systems/es_iti_intake_40/es_turkey comp. arch/materials/arm tools iti/arm gcc/bin/../lib/gcc/arm-none-eabi/5.4.1/../../../../arm-none-eabi/lib/armv7-m\libg_nano.a(lib_a-vsnprintf.o) (_svfprintf_r)
f:/mina/embeded_systems/es_iti_intake_40/es_turkey comp. arch/materials/arm tools iti/arm gcc/bin/../lib/gcc/arm-none-eabi/5.4.1/../../../../arm-none-eabi/lib/armv7-m\libg_nano.a(lib_a-nano-vfprintf_i.o)
                              f:/mina/embeded_systems/es_iti_intake_40/es_turkey comp. arch/materials/arm tools iti/arm gcc/bin/../lib/gcc/arm-none-eabi/5.4.1/../../../../arm-none-eabi/lib/armv7-m\libg_nano.a(lib_a-nano-svfprintf.o) (_printf_i)
f:/mina/embeded_systems/es_iti_intake_40/es_turkey comp. arch/materials/arm tools iti/arm gcc/bin/../lib/gcc/arm-none-eabi/5.4.1/../../../../arm-none-eabi/lib/armv7-m\libg_nano.a(lib_a-memchr-stub.o)
                              f:/mina/embeded_systems/es_iti_intake_40/es_turkey comp. arch/materials/arm tools iti/arm gcc/bin/../lib/gcc/arm-none-eabi/5.4.1/../../../../arm-none-eabi/lib/armv7-m\libg_nano.a(lib_a-nano-svfprintf.o) (memchr)
f:/mina/embeded_systems/es_iti_intake_40/es_turkey comp. arch/materials/arm tools iti/arm gcc/bin/../lib/gcc/arm-none-eabi/5.4.1/../../../../arm-none-eabi/lib/armv7-m\libg_nano.a(lib_a-memcpy-stub.o)
                              f:/mina/embeded_systems/es_iti_intake_40/es_turkey comp. arch/materials/arm tools iti/arm gcc/bin/../lib/gcc/arm-none-eabi/5.4.1/../../../../arm-none-eabi/lib/armv7-m\libg_nano.a(lib_a-nano-svfprintf.o) (memcpy)
f:/mina/embeded_systems/es_iti_intake_40/es_turkey comp. arch/materials/arm tools iti/arm gcc/bin/../lib/gcc/arm-none-eabi/5.4.1/../../../../arm-none-eabi/lib/armv7-m\libg_nano.a(lib_a-memmove.o)
[...]
Memory Configuration

Name             Origin             Length             Attributes
RAM              0x20000000         0x00005000         xrw
CCMRAM           0x00000000         0x00000000         xrw
FLASH            0x08000000         0x00020000         xr
FLASHB1          0x00000000         0x00000000         xr
EXTMEMB0         0x00000000         0x00000000         xr
EXTMEMB1         0x00000000         0x00000000         xr
EXTMEMB2         0x00000000         0x00000000         xr
EXTMEMB3         0x00000000         0x00000000         xr
MEMORY_ARRAY     0x00000000         0x00000000         xrw
*default*        0x00000000         0xffffffff

Linker script and memory map

LOAD ./system/src/stm32f1-stdperiph/misc.o
LOAD ./system/src/stm32f1-stdperiph/stm32f10x_gpio.o
LOAD ./system/src/stm32f1-stdperiph/stm32f10x_rcc.o
LOAD ./system/src/newlib/_cxx.o
LOAD ./system/src/newlib/_exit.o
LOAD ./system/src/newlib/_sbrk.o
LOAD ./system/src/newlib/_startup.o
LOAD ./system/src/newlib/_syscalls.o
LOAD ./system/src/newlib/assert.o
LOAD ./system/src/diag/Trace.o
LOAD ./system/src/diag/trace_impl.o
LOAD ./system/src/cortexm/_initialize_hardware.o
LOAD ./system/src/cortexm/_reset_hardware.o
LOAD ./system/src/cortexm/exception_handlers.o
LOAD ./system/src/cmsis/system_stm32f10x.o
LOAD ./system/src/cmsis/vectors_stm32f10x.o
LOAD ./src/App.o
LOAD ./src/main.o
LOAD ./OS/Sched.o
LOAD ./OS/Sched_config.o
LOAD ./MCAL/GPIO_program.o
LOAD ./MCAL/NVIC_Program.o
LOAD ./MCAL/RCC_program.o
LOAD ./MCAL/SYSTICK.o
LOAD ./MCAL/UART_program.o
LOAD ./HAL/HLCD.o
LOAD ./HAL/HLCD_config.o
LOAD ./HAL/HLED.o
LOAD ./HAL/HSwitch_Config.o
LOAD ./HAL/HSwitch_program.o
LOAD ./HAL/UARTHandler_program.o
LOAD f:/mina/embeded_systems/es_iti_intake_40/es_turkey comp. arch/materials/arm tools iti/arm gcc/bin/../lib/gcc/arm-none-eabi/5.4.1/../../../../arm-none-eabi/lib/armv7-m\libstdc++_nano.a
LOAD f:/mina/embeded_systems/es_iti_intake_40/es_turkey comp. arch/materials/arm tools iti/arm gcc/bin/../lib/gcc/arm-none-eabi/5.4.1/../../../../arm-none-eabi/lib/armv7-m\libm.a
START GROUP
LOAD f:/mina/embeded_systems/es_iti_intake_40/es_turkey comp. arch/materials/arm tools iti/arm gcc/bin/../lib/gcc/arm-none-eabi/5.4.1/armv7-m\libgcc.a
LOAD f:/mina/embeded_systems/es_iti_intake_40/es_turkey comp. arch/materials/arm tools iti/arm gcc/bin/../lib/gcc/arm-none-eabi/5.4.1/../../../../arm-none-eabi/lib/armv7-m\libg_nano.a
LOAD f:/mina/embeded_systems/es_iti_intake_40/es_turkey comp. arch/materials/arm tools iti/arm gcc/bin/../lib/gcc/arm-none-eabi/5.4.1/../../../../arm-none-eabi/lib/armv7-m\libc_nano.a
END GROUP
START GROUP
LOAD f:/mina/embeded_systems/es_iti_intake_40/es_turkey comp. arch/materials/arm tools iti/arm gcc/bin/../lib/gcc/arm-none-eabi/5.4.1/armv7-m\libgcc.a
LOAD f:/mina/embeded_systems/es_iti_intake_40/es_turkey comp. arch/materials/arm tools iti/arm gcc/bin/../lib/gcc/arm-none-eabi/5.4.1/../../../../arm-none-eabi/lib/armv7-m\libc_nano.a
END GROUP
                0x20005000                __stack = (ORIGIN (RAM) + LENGTH (RAM))
                0x20005000                _estack = __stack
                0x00000400                __Main_Stack_Size = 0x400
                [!provide]                PROVIDE (_Main_Stack_Size, __Main_Stack_Size)
                0x20004c00                __Main_Stack_Limit = (__stack - __Main_Stack_Size)
                [!provide]                PROVIDE (_Main_Stack_Limit, __Main_Stack_Limit)
                0x00000100                _Minimum_Stack_Size = 0x100
                0x20000310                PROVIDE (_Heap_Begin, _end_noinit)
                0x20004c00                PROVIDE (_Heap_Limit, (__stack - __Main_Stack_Size))

.isr_vector     0x08000000      0x350
 FILL mask 0xff
                0x08000000                __vectors_start = ABSOLUTE (.)
                0x08000000                __vectors_start__ = ABSOLUTE (.)
 *(.isr_vector)
 .isr_vector    0x08000000      0x10c ./system/src/cmsis/vectors_stm32f10x.o
                0x08000000                __isr_vectors
 *(.cfmconfig)
 *(.after_vectors .after_vectors.*)
 .after_vectors
                0x0800010c      0x114 ./system/src/newlib/_startup.o
                0x0800010c                _start
 .after_vectors
                0x08000220      0x12c ./system/src/cortexm/exception_handlers.o
                0x08000220                Reset_Handler
                0x08000226                NMI_Handler
                0x0800022a                HardFault_Handler
                0x0800023e                HardFault_Handler_C
                0x0800029c                MemManage_Handler
                0x080002a0                BusFault_Handler
                0x080002b4                BusFault_Handler_C
                0x080002e8                UsageFault_Handler
                0x080002fc                UsageFault_Handler_C
                0x08000330                SVC_Handler
                0x08000334                DebugMon_Handler
                0x08000338                PendSV_Handler
 .after_vectors
                0x0800034c        0x4 ./system/src/cmsis/vectors_stm32f10x.o
                0x0800034c                EXTI2_IRQHandler
                0x0800034c                TIM8_TRG_COM_IRQHandler
                0x0800034c                TIM8_CC_IRQHandler
                0x0800034c                TIM1_CC_IRQHandler
                0x0800034c                TIM6_IRQHandler
                0x0800034c                PVD_IRQHandler
                0x0800034c                SDIO_IRQHandler
                0x0800034c                CAN2_RX1_IRQHandler
                0x0800034c                EXTI3_IRQHandler
                0x0800034c                TIM8_TRG_COM_TIM14_IRQHandler
                0x0800034c                TIM1_UP_TIM10_IRQHandler
                0x0800034c                TIM8_UP_TIM13_IRQHandler
                0x0800034c                EXTI0_IRQHandler
                0x0800034c                I2C2_EV_IRQHandler
                0x0800034c                CAN1_RX0_IRQHandler
                0x0800034c                TIM1_UP_TIM16_IRQHandler
                0x0800034c                CAN2_SCE_IRQHandler
                0x0800034c                ADC1_2_IRQHandler
                0x0800034c                SPI1_IRQHandler
                0x0800034c                TAMPER_IRQHandler
                0x0800034c                TIM6_DAC_IRQHandler
                0x0800034c                TIM1_BRK_TIM9_IRQHandler
                0x0800034c                CAN2_RX0_IRQHandler
                0x0800034c                TIM8_UP_IRQHandler
                0x0800034c                DMA2_Channel2_IRQHandler
                0x0800034c                DMA1_Channel4_IRQHandler
                0x0800034c                USART3_IRQHandler
                0x0800034c                RTC_IRQHandler
                0x0800034c                DMA1_Channel7_IRQHandler
                0x0800034c                CAN1_RX1_IRQHandler
                0x0800034c                UART5_IRQHandler
                0x0800034c                ADC3_IRQHandler
                0x0800034c                TIM4_IRQHandler
                0x0800034c                DMA2_Channel1_IRQHandler
                0x0800034c                I2C1_EV_IRQHandler
                0x0800034c                DMA1_Channel6_IRQHandler
                0x0800034c                UART4_IRQHandler
                0x0800034c                DMA2_Channel4_IRQHandler
                0x0800034c                TIM3_IRQHandler
                0x0800034c                RCC_IRQHandler
                0x0800034c                TIM8_BRK_TIM12_IRQHandler
                0x0800034c                TIM1_TRG_COM_IRQHandler
                0x0800034c                DMA1_Channel1_IRQHandler
                0x0800034c                Default_Handler
                0x0800034c                CEC_IRQHandler
                0x0800034c                EXTI15_10_IRQHandler
                0x0800034c                TIM14_IRQHandler
                0x0800034c                TIM13_IRQHandler
                0x0800034c                TIM12_IRQHandler
                0x0800034c                TIM7_IRQHandler
                0x0800034c                CAN2_TX_IRQHandler
                0x0800034c                TIM5_IRQHandler
                0x0800034c                EXTI9_5_IRQHandler
                0x0800034c                ETH_WKUP_IRQHandler
                0x0800034c                SPI2_IRQHandler
                0x0800034c                CAN1_TX_IRQHandler
                0x0800034c                DMA2_Channel5_IRQHandler
                0x0800034c                DMA1_Channel5_IRQHandler
                0x0800034c                EXTI4_IRQHandler
                0x0800034c                USB_LP_CAN1_RX0_IRQHandler
                0x0800034c                TIM1_TRG_COM_TIM17_IRQHandler
                0x0800034c                USB_HP_CAN1_TX_IRQHandler
                0x0800034c                DMA1_Channel3_IRQHandler
                0x0800034c                FSMC_IRQHandler
                0x0800034c                ETH_IRQHandler
                0x0800034c                TIM1_UP_IRQHandler
                0x0800034c                WWDG_IRQHandler
                0x0800034c                TIM2_IRQHandler
                0x0800034c                OTG_FS_WKUP_IRQHandler
                0x0800034c                TIM1_TRG_COM_TIM11_IRQHandler
                0x0800034c                TIM1_BRK_IRQHandler
                0x0800034c                EXTI1_IRQHandler
                0x0800034c                RTCAlarm_IRQHandler
                0x0800034c                DMA2_Channel4_5_IRQHandler
                0x0800034c                USART2_IRQHandler
                0x0800034c                I2C2_ER_IRQHandler
                0x0800034c                DMA1_Channel2_IRQHandler
                0x0800034c                TIM8_BRK_IRQHandler
                0x0800034c                CAN1_SCE_IRQHandler
                0x0800034c                FLASH_IRQHandler
                0x0800034c                OTG_FS_IRQHandler
                0x0800034c                SPI3_IRQHandler
                0x0800034c                I2C1_ER_IRQHandler
                0x0800034c                USBWakeUp_IRQHandler
                0x0800034c                DMA2_Channel3_IRQHandler
                0x0800034c                TIM1_BRK_TIM15_IRQHandler

.inits          0x08000350       0x28
                0x08000350                __data_regions_array_start = .
                0x08000350        0x4 LONG 0x80021e8 LOADADDR (.data)
                0x08000354        0x4 LONG 0x20000000 ADDR (.data)
                0x08000358        0x4 LONG 0x200000a8 (ADDR (.data) + SIZEOF (.data))
                0x0800035c        0x4 LONG 0x80021e8 LOADADDR (.data_CCMRAM)
                0x08000360        0x4 LONG 0x0 ADDR (.data_CCMRAM)
                0x08000364        0x4 LONG 0x0 (ADDR (.data_CCMRAM) + SIZEOF (.data_CCMRAM))
                0x08000368                __data_regions_array_end = .
                0x08000368                __bss_regions_array_start = .
                0x08000368        0x4 LONG 0x200000a8 ADDR (.bss)
                0x0800036c        0x4 LONG 0x20000310 (ADDR (.bss) + SIZEOF (.bss))
                0x08000370        0x4 LONG 0x0 ADDR (.bss_CCMRAM)
                0x08000374        0x4 LONG 0x0 (ADDR (.bss_CCMRAM) + SIZEOF (.bss_CCMRAM))
                0x08000378                __bss_regions_array_end = .
 *(.init)
 *(.fini)
                0x08000378                . = ALIGN (0x4)
                0x08000378                PROVIDE (__preinit_array_start, .)
 *(.preinit_array_sysinit .preinit_array_sysinit.*)
 *(.preinit_array_platform .preinit_array_platform.*)
 *(.preinit_array .preinit_array.*)
                0x08000378                PROVIDE (__preinit_array_end, .)
                0x08000378                . = ALIGN (0x4)
                0x08000378                PROVIDE (__init_array_start, .)
 *(SORT(.init_array.*))
 *(.init_array)
                0x08000378                PROVIDE (__init_array_end, .)
                0x08000378                . = ALIGN (0x4)
                0x08000378                PROVIDE (__fini_array_start, .)
 *(SORT(.fini_array.*))
 *(.fini_array)
                0x08000378                PROVIDE (__fini_array_end, .)

.flashtext
 *(.flashtext .flashtext.*)

.text           0x08000378     0x1e67
 *(.text .text.*)
 .text._exit    0x08000378        0x2 ./system/src/newlib/_exit.o
                0x08000378                _exit
 *fill*         0x0800037a        0x2 
 .text._sbrk    0x0800037c       0x44 ./system/src/newlib/_sbrk.o
                0x0800037c                _sbrk
 .text.__initialize_args
                0x080003c0       0x10 ./system/src/newlib/_syscalls.o
                0x080003c0                __initialize_args
 .text.trace_printf
                0x080003d0       0x30 ./system/src/diag/Trace.o
                0x080003d0                trace_printf
 .text._trace_write_semihosting_debug
                0x08000400       0x60 ./system/src/diag/trace_impl.o
 .text.trace_write
                0x08000460        0x8 ./system/src/diag/trace_impl.o
                0x08000460                trace_write
 .text.__initialize_hardware_early
                0x08000468       0x18 ./system/src/cortexm/_initialize_hardware.o
                0x08000468                __initialize_hardware_early
 .text.__initialize_hardware
                0x08000480        0x8 ./system/src/cortexm/_initialize_hardware.o
                0x08000480                __initialize_hardware
 .text.dumpExceptionStack
                0x08000488       0xf4 ./system/src/cortexm/exception_handlers.o
                0x08000488                dumpExceptionStack
 .text.isSemihosting
                0x0800057c       0x20 ./system/src/cortexm/exception_handlers.o
                0x0800057c                isSemihosting
 .text.SetSysClockTo72
                0x0800059c       0xc4 ./system/src/cmsis/system_stm32f10x.o
 .text.SetSysClock
                0x08000660        0x8 ./system/src/cmsis/system_stm32f10x.o
 .text.SystemInit
                0x08000668       0x50 ./system/src/cmsis/system_stm32f10x.o
                0x08000668                SystemInit
 .text.SystemCoreClockUpdate
                0x080006b8       0x94 ./system/src/cmsis/system_stm32f10x.o
                0x080006b8                SystemCoreClockUpdate
 .text.AppTask_Runnable
                0x0800074c       0x94 ./src/App.o
                0x0800074c                AppTask_Runnable
 .text.main     0x080007e0       0x1c ./src/main.o
                0x080007e0                main
 .text.Sched_SetOSFlag
                0x080007fc       0x10 ./OS/Sched.o
 .text.Sched    0x0800080c       0x60 ./OS/Sched.o
 .text.Sched_Init
                0x0800086c       0x68 ./OS/Sched.o
                0x0800086c                Sched_Init
 .text.Sched_Start
                0x080008d4       0x20 ./OS/Sched.o
                0x080008d4                Sched_Start
 .text.GPIO_u8SetConfiguration
                0x080008f4      0x1f0 ./MCAL/GPIO_program.o
                0x080008f4                GPIO_u8SetConfiguration
 .text.GPIO_u8SetValue
                0x08000ae4       0x6c ./MCAL/GPIO_program.o
                0x08000ae4                GPIO_u8SetValue
 .text.GPIO_u8getValue
                0x08000b50       0xb0 ./MCAL/GPIO_program.o
                0x08000b50                GPIO_u8getValue
 .text.RCC_u8GetClockSource
                0x08000c00       0x18 ./MCAL/RCC_program.o
                0x08000c00                RCC_u8GetClockSource
 .text.RCC_u32GetSysClkValue
                0x08000c18       0xcc ./MCAL/RCC_program.o
                0x08000c18                RCC_u32GetSysClkValue
 .text.SYSTICK_Init
                0x08000ce4       0x14 ./MCAL/SYSTICK.o
                0x08000ce4                SYSTICK_Init
 .text.SYSTICK_Start
                0x08000cf8       0x14 ./MCAL/SYSTICK.o
                0x08000cf8                SYSTICK_Start
 .text.SYSTICK_SetCallback
                0x08000d0c       0x14 ./MCAL/SYSTICK.o
                0x08000d0c                SYSTICK_SetCallback
 .text.SYSTICK_SetTime
                0x08000d20       0x54 ./MCAL/SYSTICK.o
                0x08000d20                SYSTICK_SetTime
 .text.SysTick_Handler
                0x08000d74       0x14 ./MCAL/SYSTICK.o
                0x08000d74                SysTick_Handler
 .text.UART_sendBuffer
                0x08000d88       0x30 ./MCAL/UART_program.o
                0x08000d88                UART_sendBuffer
 .text.UART_receiveBuffer
                0x08000db8       0x2c ./MCAL/UART_program.o
                0x08000db8                UART_receiveBuffer
 .text.USART1_IRQHandler
                0x08000de4       0x94 ./MCAL/UART_program.o
                0x08000de4                USART1_IRQHandler
 .text.LCD_WriteProcess
                0x08000e78       0xb0 ./HAL/HLCD.o
 .text.LCD_ClearProcess
                0x08000f28       0xbc ./HAL/HLCD.o
 .text.LCD_InitProcess
                0x08000fe4      0x248 ./HAL/HLCD.o
 .text.LCD_LCDTask
                0x0800122c       0x30 ./HAL/HLCD.o
 .text.LCD_Init
                0x0800125c       0x58 ./HAL/HLCD.o
                0x0800125c                LCD_Init
 .text.LCD_WriteData
                0x080012b4       0x3c ./HAL/HLCD.o
                0x080012b4                LCD_WriteData
 .text.LED_Init
                0x080012f0       0x48 ./HAL/HLED.o
                0x080012f0                LED_Init
 .text.LED_SetLedState
                0x08001338       0x58 ./HAL/HLED.o
                0x08001338                LED_SetLedState
 .text.Switch_Runnable
                0x08001390       0x64 ./HAL/HSwitch_program.o
                0x08001390                Switch_Runnable
 .text.HSwitch_GetState
                0x080013f4        0xc ./HAL/HSwitch_program.o
                0x080013f4                HSwitch_GetState
 .text.HSwitch_Init
                0x08001400       0x24 ./HAL/HSwitch_program.o
                0x08001400                HSwitch_Init
 .text.HUART_SendData
                0x08001424        0x8 ./HAL/UARTHandler_program.o
                0x08001424                HUART_SendData
 .text.HUART_ReceiveData
                0x0800142c        0x8 ./HAL/UARTHandler_program.o
                0x0800142c                HUART_ReceiveData
 .text          0x08001434       0x30 f:/mina/embeded_systems/es_iti_intake_40/es_turkey comp. arch/materials/arm tools iti/arm gcc/bin/../lib/gcc/arm-none-eabi/5.4.1/armv7-m\libgcc.a(_aeabi_uldivmod.o)
                0x08001434                __aeabi_uldivmod
 .text          0x08001464      0x2ec f:/mina/embeded_systems/es_iti_intake_40/es_turkey comp. arch/materials/arm tools iti/arm gcc/bin/../lib/gcc/arm-none-eabi/5.4.1/armv7-m\libgcc.a(_udivmoddi4.o)
                0x08001464                __udivmoddi4
 .text          0x08001750        0x4 f:/mina/embeded_systems/es_iti_intake_40/es_turkey comp. arch/materials/arm tools iti/arm gcc/bin/../lib/gcc/arm-none-eabi/5.4.1/armv7-m\libgcc.a(_dvmd_tls.o)
                0x08001750                __aeabi_idiv0
                0x08001750                __aeabi_ldiv0
 .text.__errno  0x08001754        0xc f:/mina/embeded_systems/es_iti_intake_40/es_turkey comp. arch/materials/arm tools iti/arm gcc/bin/../lib/gcc/arm-none-eabi/5.4.1/../../../../arm-none-eabi/lib/armv7-m\libg_nano.a(lib_a-errno.o)
                0x08001754                __errno
 .text._vsnprintf_r
                0x08001760       0x56 f:/mina/embeded_systems/es_iti_intake_40/es_turkey comp. arch/materials/arm tools iti/arm gcc/bin/../lib/gcc/arm-none-eabi/5.4.1/../../../../arm-none-eabi/lib/armv7-m\libg_nano.a(lib_a-vsnprintf.o)
                0x08001760                _vsniprintf_r
                0x08001760                _vsnprintf_r
 *fill*         0x080017b6        0x2 
 .text.vsnprintf
                0x080017b8       0x1c f:/mina/embeded_systems/es_iti_intake_40/es_turkey comp. arch/materials/arm tools iti/arm gcc/bin/../lib/gcc/arm-none-eabi/5.4.1/../../../../arm-none-eabi/lib/armv7-m\libg_nano.a(lib_a-vsnprintf.o)
                0x080017b8                vsniprintf
                0x080017b8                vsnprintf
 .text.__ssputs_r
                0x080017d4       0xb2 f:/mina/embeded_systems/es_iti_intake_40/es_turkey comp. arch/materials/arm tools iti/arm gcc/bin/../lib/gcc/arm-none-eabi/5.4.1/../../../../arm-none-eabi/lib/armv7-m\libg_nano.a(lib_a-nano-svfprintf.o)
                0x080017d4                __ssputs_r
 *fill*         0x08001886        0x2 
 .text._svfprintf_r
                0x08001888      0x1e8 f:/mina/embeded_systems/es_iti_intake_40/es_turkey comp. arch/materials/arm tools iti/arm gcc/bin/../lib/gcc/arm-none-eabi/5.4.1/../../../../arm-none-eabi/lib/armv7-m\libg_nano.a(lib_a-nano-svfprintf.o)
                0x08001888                _svfiprintf_r
                0x08001888                _svfprintf_r
 .text._printf_common
                0x08001a70       0xec f:/mina/embeded_systems/es_iti_intake_40/es_turkey comp. arch/materials/arm tools iti/arm gcc/bin/../lib/gcc/arm-none-eabi/5.4.1/../../../../arm-none-eabi/lib/armv7-m\libg_nano.a(lib_a-nano-vfprintf_i.o)
                0x08001a70                _printf_common
 .text._printf_i
                0x08001b5c      0x24c f:/mina/embeded_systems/es_iti_intake_40/es_turkey comp. arch/materials/arm tools iti/arm gcc/bin/../lib/gcc/arm-none-eabi/5.4.1/../../../../arm-none-eabi/lib/armv7-m\libg_nano.a(lib_a-nano-vfprintf_i.o)
                0x08001b5c                _printf_i
 .text.memchr   0x08001da8       0x1c f:/mina/embeded_systems/es_iti_intake_40/es_turkey comp. arch/materials/arm tools iti/arm gcc/bin/../lib/gcc/arm-none-eabi/5.4.1/../../../../arm-none-eabi/lib/armv7-m\libg_nano.a(lib_a-memchr-stub.o)
                0x08001da8                memchr
 .text.memcpy   0x08001dc4       0x16 f:/mina/embeded_systems/es_iti_intake_40/es_turkey comp. arch/materials/arm tools iti/arm gcc/bin/../lib/gcc/arm-none-eabi/5.4.1/../../../../arm-none-eabi/lib/armv7-m\libg_nano.a(lib_a-memcpy-stub.o)
                0x08001dc4                memcpy
 .text.memmove  0x08001dda       0x36 f:/mina/embeded_systems/es_iti_intake_40/es_turkey comp. arch/materials/arm tools iti/arm gcc/bin/../lib/gcc/arm-none-eabi/5.4.1/../../../../arm-none-eabi/lib/armv7-m\libg_nano.a(lib_a-memmove.o)
                0x08001dda                memmove
 .text._free_r  0x08001e10       0x98 f:/mina/embeded_systems/es_iti_intake_40/es_turkey comp. arch/materials/arm tools iti/arm gcc/bin/../lib/gcc/arm-none-eabi/5.4.1/../../../../arm-none-eabi/lib/armv7-m\libg_nano.a(lib_a-nano-freer.o)
                0x08001e10                _free_r
 .text._malloc_r
                0x08001ea8       0xbc f:/mina/embeded_systems/es_iti_intake_40/es_turkey comp. arch/materials/arm tools iti/arm gcc/bin/../lib/gcc/arm-none-eabi/5.4.1/../../../../arm-none-eabi/lib/armv7-m\libg_nano.a(lib_a-nano-mallocr.o)
                0x08001ea8                _malloc_r
 .text._realloc_r
                0x08001f64       0x4c f:/mina/embeded_systems/es_iti_intake_40/es_turkey comp. arch/materials/arm tools iti/arm gcc/bin/../lib/gcc/arm-none-eabi/5.4.1/../../../../arm-none-eabi/lib/armv7-m\libg_nano.a(lib_a-nano-reallocr.o)
                0x08001f64                _realloc_r
 .text._sbrk_r  0x08001fb0       0x20 f:/mina/embeded_systems/es_iti_intake_40/es_turkey comp. arch/materials/arm tools iti/arm gcc/bin/../lib/gcc/arm-none-eabi/5.4.1/../../../../arm-none-eabi/lib/armv7-m\libg_nano.a(lib_a-sbrkr.o)
                0x08001fb0                _sbrk_r
 .text.__malloc_lock
                0x08001fd0        0x2 f:/mina/embeded_systems/es_iti_intake_40/es_turkey comp. arch/materials/arm tools iti/arm gcc/bin/../lib/gcc/arm-none-eabi/5.4.1/../../../../arm-none-eabi/lib/armv7-m\libg_nano.a(lib_a-mlock.o)
                0x08001fd0                __malloc_lock
 .text.__malloc_unlock
                0x08001fd2        0x2 f:/mina/embeded_systems/es_iti_intake_40/es_turkey comp. arch/materials/arm tools iti/arm gcc/bin/../lib/gcc/arm-none-eabi/5.4.1/../../../../arm-none-eabi/lib/armv7-m\libg_nano.a(lib_a-mlock.o)
                0x08001fd2                __malloc_unlock
 .text._malloc_usable_size_r
                0x08001fd4       0x14 f:/mina/embeded_systems/es_iti_intake_40/es_turkey comp. arch/materials/arm tools iti/arm gcc/bin/../lib/gcc/arm-none-eabi/5.4.1/../../../../arm-none-eabi/lib/armv7-m\libg_nano.a(lib_a-nano-msizer.o)
                0x08001fd4                _malloc_usable_size_r
 *(.rodata .rodata.* .constdata .constdata.*)
 .rodata.dumpExceptionStack.str1.4
                0x08001fe8      0x11a ./system/src/cortexm/exception_handlers.o
 *fill*         0x08002102        0x2 
 .rodata.str1.4
                0x08002104       0x2c ./system/src/cortexm/exception_handlers.o
                                 0x2a (size before relaxing)
 .rodata.SysTask_info
                0x08002130       0x18 ./OS/Sched_config.o
                0x08002130                SysTask_info
 .rodata.LCDPins
                0x08002148       0x58 ./HAL/HLCD_config.o
                0x08002148                LCDPins
 .rodata.Switchmap
                0x080021a0        0xc ./HAL/HSwitch_Config.o
                0x080021a0                Switchmap
 .rodata.str1.1
                0x080021ac       0x11 f:/mina/embeded_systems/es_iti_intake_40/es_turkey comp. arch/materials/arm tools iti/arm gcc/bin/../lib/gcc/arm-none-eabi/5.4.1/../../../../arm-none-eabi/lib/armv7-m\libg_nano.a(lib_a-nano-svfprintf.o)
 .rodata.str1.1
                0x080021bd       0x22 f:/mina/embeded_systems/es_iti_intake_40/es_turkey comp. arch/materials/arm tools iti/arm gcc/bin/../lib/gcc/arm-none-eabi/5.4.1/../../../../arm-none-eabi/lib/armv7-m\libg_nano.a(lib_a-nano-vfprintf_i.o)
 *(vtable)
 *(.eh_frame*)
 *(.glue_7)
 .glue_7        0x080021df        0x0 linker stubs
 *(.glue_7t)
 .glue_7t       0x080021df        0x0 linker stubs

.vfp11_veneer   0x080021e0        0x0
 .vfp11_veneer  0x080021e0        0x0 linker stubs

.v4_bx          0x080021e0        0x0
 .v4_bx         0x080021e0        0x0 linker stubs

.iplt           0x080021e0        0x0
 .iplt          0x080021e0        0x0 ./system/src/stm32f1-stdperiph/misc.o

.ARM.extab
 *(.ARM.extab* .gnu.linkonce.armextab.*)
                0x080021e0                . = ALIGN (0x4)
                0x080021e0                __exidx_start = .

.ARM.exidx      0x080021e0        0x8
 *(.ARM.exidx* .gnu.linkonce.armexidx.*)
 .ARM.exidx     0x080021e0        0x8 f:/mina/embeded_systems/es_iti_intake_40/es_turkey comp. arch/materials/arm tools iti/arm gcc/bin/../lib/gcc/arm-none-eabi/5.4.1/armv7-m\libgcc.a(_udivmoddi4.o)
                0x080021e8                __exidx_end = .

.rel.dyn        0x080021e8        0x0
 .rel.iplt      0x080021e8        0x0 ./system/src/stm32f1-stdperiph/misc.o
                0x080021e8                . = ALIGN (0x4)
                0x080021e8                _etext = .
                0x080021e8                __etext = .

.data_CCMRAM    0x00000000        0x0 load address 0x080021e8
 FILL mask 0xff
 *(.data.CCMRAM .data.CCMRAM.*)
                0x00000000                . = ALIGN (0x4)
                0x080021e8                _sidata = LOADADDR (.data)

.data           0x20000000       0xa8 load address 0x080021e8
 FILL mask 0xff
                0x20000000                _sdata = .
                0x20000000                __data_start__ = .
 *(.data_begin .data_begin.*)
 .data_begin    0x20000000        0x4 ./system/src/newlib/_startup.o
 *(.data .data.*)
 .data.argv.4310
                0x20000004        0x8 ./system/src/newlib/_syscalls.o
 .data.AHBPrescTable
                0x2000000c       0x10 ./system/src/cmsis/system_stm32f10x.o
                0x2000000c                AHBPrescTable
 .data.SystemCoreClock
                0x2000001c        0x4 ./system/src/cmsis/system_stm32f10x.o
                0x2000001c                SystemCoreClock
 .data.DataLengthTX
                0x20000020        0x1 ./src/App.o
                0x20000020                DataLengthTX
 .data.DataLengthRX
                0x20000021        0x1 ./src/App.o
                0x20000021                DataLengthRX
 *fill*         0x20000022        0x2 ff
 .data.TLocal_Buffer
                0x20000024        0x4 ./src/App.o
                0x20000024                TLocal_Buffer
 .data.AppTask  0x20000028        0x8 ./src/App.o
                0x20000028                AppTask
 .data.RLocal_Buffer
                0x20000030        0x4 ./src/App.o
                0x20000030                RLocal_Buffer
 .data.ptr1     0x20000034        0x4 ./HAL/HLED.o
                0x20000034                ptr1
 .data.ptr2     0x20000038        0x4 ./HAL/HLED.o
                0x20000038                ptr2
 .data.ptr      0x2000003c        0x4 ./HAL/HSwitch_Config.o
                0x2000003c                ptr
 .data.impure_data
                0x20000040       0x60 f:/mina/embeded_systems/es_iti_intake_40/es_turkey comp. arch/materials/arm tools iti/arm gcc/bin/../lib/gcc/arm-none-eabi/5.4.1/../../../../arm-none-eabi/lib/armv7-m\libg_nano.a(lib_a-impure.o)
 .data._impure_ptr
                0x200000a0        0x4 f:/mina/embeded_systems/es_iti_intake_40/es_turkey comp. arch/materials/arm tools iti/arm gcc/bin/../lib/gcc/arm-none-eabi/5.4.1/../../../../arm-none-eabi/lib/armv7-m\libg_nano.a(lib_a-impure.o)
                0x200000a0                _impure_ptr
 *(.data_end .data_end.*)
 .data_end      0x200000a4        0x4 ./system/src/newlib/_startup.o
                0x200000a8                . = ALIGN (0x4)
                0x200000a8                _edata = .
                0x200000a8                __data_end__ = .

.igot.plt       0x200000a8        0x0 load address 0x08002290
 .igot.plt      0x200000a8        0x0 ./system/src/stm32f1-stdperiph/misc.o

.bss_CCMRAM     0x00000000        0x0
 *(.bss.CCMRAM .bss.CCMRAM.*)

.bss            0x200000a8      0x268
                0x200000a8                __bss_start__ = .
                0x200000a8                _sbss = .
 *(.bss_begin .bss_begin.*)
 .bss_begin     0x200000a8        0x4 ./system/src/newlib/_startup.o
 *(.bss .bss.*)
 .bss.current_heap_end.3961
                0x200000ac        0x4 ./system/src/newlib/_sbrk.o
 .bss.name.4309
                0x200000b0        0x1 ./system/src/newlib/_syscalls.o
 *fill*         0x200000b1        0x3 
 .bss.buf.5205  0x200000b4       0x80 ./system/src/diag/Trace.o
 .bss.rxBuffer  0x20000134        0xc ./MCAL/UART_program.o
 .bss.appTxNotify
                0x20000140        0x4 ./MCAL/UART_program.o
 .bss.txBuffer  0x20000144        0xc ./MCAL/UART_program.o
 .bss.InitComplete
                0x20000150        0x1 ./HAL/HLCD.o
 .bss.Current_state.3840
                0x20000151        0x1 ./HAL/HLCD.o
 .bss.counter.3841
                0x20000152        0x1 ./HAL/HLCD.o
 .bss.CurrChar.3853
                0x20000153        0x1 ./HAL/HLCD.o
 .bss.CurrentProcess
                0x20000154        0x1 ./HAL/HLCD.o
                0x20000154                CurrentProcess
 *fill*         0x20000155        0x3 
 .bss.Lcd_Data  0x20000158       0xff ./HAL/HLCD.o
 .bss.Lcd_Length
                0x20000257        0x1 ./HAL/HLCD.o
 .bss.counter.3759
                0x20000258        0x2 ./HAL/HSwitch_program.o
 *fill*         0x2000025a        0x2 
 .bss.Prev_state.3758
                0x2000025c        0x2 ./HAL/HSwitch_program.o
 *fill*         0x2000025e        0x2 
 .bss.SwitchState
                0x20000260        0x2 ./HAL/HSwitch_program.o
 *fill*         0x20000262        0x2 
 .bss.__malloc_sbrk_start
                0x20000264        0x4 f:/mina/embeded_systems/es_iti_intake_40/es_turkey comp. arch/materials/arm tools iti/arm gcc/bin/../lib/gcc/arm-none-eabi/5.4.1/../../../../arm-none-eabi/lib/armv7-m\libg_nano.a(lib_a-nano-mallocr.o)
                0x20000264                __malloc_sbrk_start
 .bss.__malloc_free_list
                0x20000268        0x4 f:/mina/embeded_systems/es_iti_intake_40/es_turkey comp. arch/materials/arm tools iti/arm gcc/bin/../lib/gcc/arm-none-eabi/5.4.1/../../../../arm-none-eabi/lib/armv7-m\libg_nano.a(lib_a-nano-mallocr.o)
                0x20000268                __malloc_free_list
 *(COMMON)
 COMMON         0x2000026c        0x4 ./system/src/newlib/_syscalls.o
                0x2000026c                errno
 COMMON         0x20000270        0x6 ./src/App.o
                0x20000270                RxFrame
                0x20000274                TxFrame
 *fill*         0x20000276        0x2 
 COMMON         0x20000278       0x38 ./OS/Sched.o
                0x20000278                idx
                0x2000027c                SysTask
                0x200002ac                OSFlag
 COMMON         0x200002b0        0x4 ./MCAL/SYSTICK.o
                0x200002b0                APPcbf
 COMMON         0x200002b4        0x8 ./HAL/HLCD.o
                0x200002b4                LCDTask
 COMMON         0x200002bc       0x46 ./HAL/HLED.o
                0x200002bc                Gpio
                0x200002e4                Led
 *fill*         0x20000302        0x2 
 COMMON         0x20000304        0x8 ./HAL/HSwitch_program.o
                0x20000304                SwitchTask
 *(.bss_end .bss_end.*)
 .bss_end       0x2000030c        0x4 ./system/src/newlib/_startup.o
                0x20000310                . = ALIGN (0x4)
                0x20000310                __bss_end__ = .
                0x20000310                _ebss = .

.noinit_CCMRAM
 *(.noinit.CCMRAM .noinit.CCMRAM.*)

.noinit         0x20000310        0x0
                0x20000310                _noinit = .
 *(.noinit .noinit.*)
                0x20000310                . = ALIGN (0x4)
                0x20000310                _end_noinit = .
                [!provide]                PROVIDE (end, _end_noinit)
                [!provide]                PROVIDE (_end, _end_noinit)
                [!provide]                PROVIDE (__end, _end_noinit)
                [!provide]                PROVIDE (__end__, _end_noinit)

._check_stack   0x20000310      0x100
                0x20000410                . = (. + _Minimum_Stack_Size)
 *fill*         0x20000310      0x100 

.b1text
 *(.b1text)
 *(.b1rodata)
 *(.b1rodata.*)

.eb0text
 *(.eb0text)
 *(.eb0rodata)
 *(.eb0rodata.*)

.eb1text
 *(.eb1text)
 *(.eb1rodata)
 *(.eb1rodata.*)

.eb2text
 *(.eb2text)
 *(.eb2rodata)
 *(.eb2rodata.*)

.eb3text
 *(.eb3text)
 *(.eb3rodata)
 *(.eb3rodata.*)

.stab
 *(.stab)

.stabstr
 *(.stabstr)

.stab.excl
 *(.stab.excl)

.stab.exclstr
 *(.stab.exclstr)

.stab.index
 *(.stab.index)

.stab.indexstr
 *(.stab.indexstr)

.comment        0x00000000       0xec
 *(.comment)
 .comment       0x00000000       0x7e ./system/src/newlib/_exit.o
                                 0x7f (size before relaxing)
 .comment       0x0000007e       0x7f ./system/src/newlib/_sbrk.o
 .comment       0x0000007e       0x7f ./system/src/newlib/_startup.o
 .comment       0x0000007e       0x7f ./system/src/newlib/_syscalls.o
 .comment       0x0000007e       0x7f ./system/src/diag/Trace.o
 .comment       0x0000007e       0x7f ./system/src/diag/trace_impl.o
 .comment       0x0000007e       0x7f ./system/src/cortexm/_initialize_hardware.o
 .comment       0x0000007e       0x7f ./system/src/cortexm/exception_handlers.o
 .comment       0x0000007e       0x7f ./system/src/cmsis/system_stm32f10x.o
 .comment       0x0000007e       0x7f ./system/src/cmsis/vectors_stm32f10x.o
 .comment       0x0000007e       0x6e ./src/App.o
                                 0x6f (size before relaxing)
 .comment       0x000000ec       0x6f ./src/main.o
 .comment       0x000000ec       0x6f ./OS/Sched.o
 .comment       0x000000ec       0x6f ./OS/Sched_config.o
 .comment       0x000000ec       0x6f ./MCAL/GPIO_program.o
 .comment       0x000000ec       0x6f ./MCAL/RCC_program.o
 .comment       0x000000ec       0x6f ./MCAL/SYSTICK.o
 .comment       0x000000ec       0x6f ./MCAL/UART_program.o
 .comment       0x000000ec       0x6f ./HAL/HLCD.o
 .comment       0x000000ec       0x6f ./HAL/HLCD_config.o
 .comment       0x000000ec       0x6f ./HAL/HLED.o
 .comment       0x000000ec       0x6f ./HAL/HSwitch_Config.o
 .comment       0x000000ec       0x6f ./HAL/HSwitch_program.o
 .comment       0x000000ec       0x6f ./HAL/UARTHandler_program.o

.ARM.attributes
                0x00000000       0x31
 .ARM.attributes
                0x00000000       0x33 ./system/src/newlib/_exit.o
 .ARM.attributes
                0x00000033       0x33 ./system/src/newlib/_sbrk.o
 .ARM.attributes
                0x00000066       0x33 ./system/src/newlib/_startup.o
 .ARM.attributes
                0x00000099       0x33 ./system/src/newlib/_syscalls.o
 .ARM.attributes
                0x000000cc       0x33 ./system/src/diag/Trace.o
 .ARM.attributes
                0x000000ff       0x33 ./system/src/diag/trace_impl.o
 .ARM.attributes
                0x00000132       0x33 ./system/src/cortexm/_initialize_hardware.o
 .ARM.attributes
                0x00000165       0x33 ./system/src/cortexm/exception_handlers.o
 .ARM.attributes
                0x00000198       0x33 ./system/src/cmsis/system_stm32f10x.o
 .ARM.attributes
                0x000001cb       0x33 ./system/src/cmsis/vectors_stm32f10x.o
 .ARM.attributes
                0x000001fe       0x33 ./src/App.o
 .ARM.attributes
                0x00000231       0x33 ./src/main.o
 .ARM.attributes
                0x00000264       0x33 ./OS/Sched.o
 .ARM.attributes
                0x00000297       0x33 ./OS/Sched_config.o
 .ARM.attributes
                0x000002ca       0x33 ./MCAL/GPIO_program.o
 .ARM.attributes
                0x000002fd       0x33 ./MCAL/RCC_program.o
 .ARM.attributes
                0x00000330       0x33 ./MCAL/SYSTICK.o
 .ARM.attributes
                0x00000363       0x33 ./MCAL/UART_program.o
 .ARM.attributes
                0x00000396       0x33 ./HAL/HLCD.o
 .ARM.attributes
                0x000003c9       0x33 ./HAL/HLCD_config.o
 .ARM.attributes
                0x000003fc       0x33 ./HAL/HLED.o
 .ARM.attributes
                0x0000042f       0x33 ./HAL/HSwitch_Config.o
 .ARM.attributes
                0x00000462       0x33 ./HAL/HSwitch_program.o
 .ARM.attributes
                0x00000495       0x33 ./HAL/UARTHandler_program.o
 .ARM.attributes
                0x000004c8       0x1d f:/mina/embeded_systems/es_iti_intake_40/es_turkey comp. arch/materials/arm tools iti/arm gcc/bin/../lib/gcc/arm-none-eabi/5.4.1/armv7-m\libgcc.a(_aeabi_uldivmod.o)
 .ARM.attributes
                0x000004e5       0x2d f:/mina/embeded_systems/es_iti_intake_40/es_turkey comp. arch/materials/arm tools iti/arm gcc/bin/../lib/gcc/arm-none-eabi/5.4.1/armv7-m\libgcc.a(_udivmoddi4.o)
 .ARM.attributes
                0x00000512       0x1d f:/mina/embeded_systems/es_iti_intake_40/es_turkey comp. arch/materials/arm tools iti/arm gcc/bin/../lib/gcc/arm-none-eabi/5.4.1/armv7-m\libgcc.a(_dvmd_tls.o)
 .ARM.attributes
                0x0000052f       0x2d f:/mina/embeded_systems/es_iti_intake_40/es_turkey comp. arch/materials/arm tools iti/arm gcc/bin/../lib/gcc/arm-none-eabi/5.4.1/../../../../arm-none-eabi/lib/armv7-m\libg_nano.a(lib_a-errno.o)
 .ARM.attributes
                0x0000055c       0x2d f:/mina/embeded_systems/es_iti_intake_40/es_turkey comp. arch/materials/arm tools iti/arm gcc/bin/../lib/gcc/arm-none-eabi/5.4.1/../../../../arm-none-eabi/lib/armv7-m\libg_nano.a(lib_a-impure.o)
 .ARM.attributes
                0x00000589       0x2d f:/mina/embeded_systems/es_iti_intake_40/es_turkey comp. arch/materials/arm tools iti/arm gcc/bin/../lib/gcc/arm-none-eabi/5.4.1/../../../../arm-none-eabi/lib/armv7-m\libg_nano.a(lib_a-vsnprintf.o)
 .ARM.attributes
                0x000005b6       0x2d f:/mina/embeded_systems/es_iti_intake_40/es_turkey comp. arch/materials/arm tools iti/arm gcc/bin/../lib/gcc/arm-none-eabi/5.4.1/../../../../arm-none-eabi/lib/armv7-m\libg_nano.a(lib_a-nano-svfprintf.o)
 .ARM.attributes
                0x000005e3       0x2d f:/mina/embeded_systems/es_iti_intake_40/es_turkey comp. arch/materials/arm tools iti/arm gcc/bin/../lib/gcc/arm-none-eabi/5.4.1/../../../../arm-none-eabi/lib/armv7-m\libg_nano.a(lib_a-nano-vfprintf_i.o)
 .ARM.attributes
                0x00000610       0x2d f:/mina/embeded_systems/es_iti_intake_40/es_turkey comp. arch/materials/arm tools iti/arm gcc/bin/../lib/gcc/arm-none-eabi/5.4.1/../../../../arm-none-eabi/lib/armv7-m\libg_nano.a(lib_a-memchr-stub.o)
 .ARM.attributes
                0x0000063d       0x2d f:/mina/embeded_systems/es_iti_intake_40/es_turkey comp. arch/materials/arm tools iti/arm gcc/bin/../lib/gcc/arm-none-eabi/5.4.1/../../../../arm-none-eabi/lib/armv7-m\libg_nano.a(lib_a-memcpy-stub.o)
 .ARM.attributes
                0x0000066a       0x2d f:/mina/embeded_systems/es_iti_intake_40/es_turkey comp. arch/materials/arm tools iti/arm gcc/bin/../lib/gcc/arm-none-eabi/5.4.1/../../../../arm-none-eabi/lib/armv7-m\libg_nano.a(lib_a-memmove.o)
 .ARM.attributes
                0x00000697       0x2d f:/mina/embeded_systems/es_iti_intake_40/es_turkey comp. arch/materials/arm tools iti/arm gcc/bin/../lib/gcc/arm-none-eabi/5.4.1/../../../../arm-none-eabi/lib/armv7-m\libg_nano.a(lib_a-nano-freer.o)
 .ARM.attributes
                0x000006c4       0x2d f:/mina/embeded_systems/es_iti_intake_40/es_turkey comp. arch/materials/arm tools iti/arm gcc/bin/../lib/gcc/arm-none-eabi/5.4.1/../../../../arm-none-eabi/lib/armv7-m\libg_nano.a(lib_a-nano-mallocr.o)
 .ARM.attributes
                0x000006f1       0x2d f:/mina/embeded_systems/es_iti_intake_40/es_turkey comp. arch/materials/arm tools iti/arm gcc/bin/../lib/gcc/arm-none-eabi/5.4.1/../../../../arm-none-eabi/lib/armv7-m\libg_nano.a(lib_a-nano-reallocr.o)
 .ARM.attributes
                0x0000071e       0x2d f:/mina/embeded_systems/es_iti_intake_40/es_turkey comp. arch/materials/arm tools iti/arm gcc/bin/../lib/gcc/arm-none-eabi/5.4.1/../../../../arm-none-eabi/lib/armv7-m\libg_nano.a(lib_a-sbrkr.o)
 .ARM.attributes
                0x0000074b       0x2d f:/mina/embeded_systems/es_iti_intake_40/es_turkey comp. arch/materials/arm tools iti/arm gcc/bin/../lib/gcc/arm-none-eabi/5.4.1/../../../../arm-none-eabi/lib/armv7-m\libg_nano.a(lib_a-mlock.o)
 .ARM.attributes
                0x00000778       0x2d f:/mina/embeded_systems/es_iti_intake_40/es_turkey comp. arch/materials/arm tools iti/arm gcc/bin/../lib/gcc/arm-none-eabi/5.4.1/../../../../arm-none-eabi/lib/armv7-m\libg_nano.a(lib_a-nano-msizer.o)

.debug
 *(.debug)

.line
 *(.line)

.debug_srcinfo
 *(.debug_srcinfo)

.debug_sfnames
 *(.debug_sfnames)

.debug_aranges  0x00000000      0x500
 *(.debug_aranges)
 .debug_aranges
                0x00000000       0x28 ./system/src/newlib/_exit.o
 .debug_aranges
                0x00000028       0x20 ./system/src/newlib/_sbrk.o
 .debug_aranges
                0x00000048       0x40 ./system/src/newlib/_startup.o
 .debug_aranges
                0x00000088       0x30 ./system/src/newlib/_syscalls.o
 .debug_aranges
                0x000000b8       0x38 ./system/src/diag/Trace.o
 .debug_aranges
                0x000000f0       0x30 ./system/src/diag/trace_impl.o
 .debug_aranges
                0x00000120       0x28 ./system/src/cortexm/_initialize_hardware.o
 .debug_aranges
                0x00000148       0x90 ./system/src/cortexm/exception_handlers.o
 .debug_aranges
                0x000001d8       0x38 ./system/src/cmsis/system_stm32f10x.o
 .debug_aranges
                0x00000210       0x20 ./system/src/cmsis/vectors_stm32f10x.o
 .debug_aranges
                0x00000230       0x20 ./src/App.o
 .debug_aranges
                0x00000250       0x20 ./src/main.o
 .debug_aranges
                0x00000270       0x40 ./OS/Sched.o
 .debug_aranges
                0x000002b0       0x18 ./OS/Sched_config.o
 .debug_aranges
                0x000002c8       0x30 ./MCAL/GPIO_program.o
 .debug_aranges
                0x000002f8       0x60 ./MCAL/RCC_program.o
 .debug_aranges
                0x00000358       0x48 ./MCAL/SYSTICK.o
 .debug_aranges
                0x000003a0       0x50 ./MCAL/UART_program.o
 .debug_aranges
                0x000003f0       0x50 ./HAL/HLCD.o
 .debug_aranges
                0x00000440       0x18 ./HAL/HLCD_config.o
 .debug_aranges
                0x00000458       0x28 ./HAL/HLED.o
 .debug_aranges
                0x00000480       0x18 ./HAL/HSwitch_Config.o
 .debug_aranges
                0x00000498       0x30 ./HAL/HSwitch_program.o
 .debug_aranges
                0x000004c8       0x38 ./HAL/UARTHandler_program.o

.debug_pubnames
 *(.debug_pubnames)

.debug_info     0x00000000     0x7154
 *(.debug_info .gnu.linkonce.wi.*)
 .debug_info    0x00000000      0x956 ./system/src/newlib/_exit.o
 .debug_info    0x00000956      0x942 ./system/src/newlib/_sbrk.o
 .debug_info    0x00001298      0x42e ./system/src/newlib/_startup.o
 .debug_info    0x000016c6      0xa19 ./system/src/newlib/_syscalls.o
 .debug_info    0x000020df      0xb2a ./system/src/diag/Trace.o
 .debug_info    0x00002c09      0x363 ./system/src/diag/trace_impl.o
 .debug_info    0x00002f6c      0x2b5 ./system/src/cortexm/_initialize_hardware.o
 .debug_info    0x00003221     0x1140 ./system/src/cortexm/exception_handlers.o
 .debug_info    0x00004361      0x494 ./system/src/cmsis/system_stm32f10x.o
 .debug_info    0x000047f5       0xca ./system/src/cmsis/vectors_stm32f10x.o
 .debug_info    0x000048bf      0x242 ./src/App.o
 .debug_info    0x00004b01       0xe0 ./src/main.o
 .debug_info    0x00004be1      0x2bf ./OS/Sched.o
 .debug_info    0x00004ea0      0x11a ./OS/Sched_config.o
 .debug_info    0x00004fba      0x2d5 ./MCAL/GPIO_program.o
 .debug_info    0x0000528f      0x492 ./MCAL/RCC_program.o
 .debug_info    0x00005721      0x167 ./MCAL/SYSTICK.o
 .debug_info    0x00005888      0x326 ./MCAL/UART_program.o
 .debug_info    0x00005bae      0x9e0 ./HAL/HLCD.o
 .debug_info    0x0000658e      0x18c ./HAL/HLCD_config.o
 .debug_info    0x0000671a      0x2a4 ./HAL/HLED.o
 .debug_info    0x000069be      0x176 ./HAL/HSwitch_Config.o
 .debug_info    0x00006b34      0x276 ./HAL/HSwitch_program.o
 .debug_info    0x00006daa      0x3aa ./HAL/UARTHandler_program.o

.debug_abbrev   0x00000000     0x20da
 *(.debug_abbrev)
 .debug_abbrev  0x00000000      0x1f3 ./system/src/newlib/_exit.o
 .debug_abbrev  0x000001f3      0x1fc ./system/src/newlib/_sbrk.o
 .debug_abbrev  0x000003ef      0x1b3 ./system/src/newlib/_startup.o
 .debug_abbrev  0x000005a2      0x234 ./system/src/newlib/_syscalls.o
 .debug_abbrev  0x000007d6      0x276 ./system/src/diag/Trace.o
 .debug_abbrev  0x00000a4c      0x1e2 ./system/src/diag/trace_impl.o
 .debug_abbrev  0x00000c2e       0xea ./system/src/cortexm/_initialize_hardware.o
 .debug_abbrev  0x00000d18      0x32b ./system/src/cortexm/exception_handlers.o
 .debug_abbrev  0x00001043      0x177 ./system/src/cmsis/system_stm32f10x.o
 .debug_abbrev  0x000011ba       0x9d ./system/src/cmsis/vectors_stm32f10x.o
 .debug_abbrev  0x00001257       0xe3 ./src/App.o
 .debug_abbrev  0x0000133a       0x65 ./src/main.o
 .debug_abbrev  0x0000139f      0x1ad ./OS/Sched.o
 .debug_abbrev  0x0000154c       0x92 ./OS/Sched_config.o
 .debug_abbrev  0x000015de       0xf8 ./MCAL/GPIO_program.o
 .debug_abbrev  0x000016d6      0x13b ./MCAL/RCC_program.o
 .debug_abbrev  0x00001811       0xf9 ./MCAL/SYSTICK.o
 .debug_abbrev  0x0000190a      0x148 ./MCAL/UART_program.o
 .debug_abbrev  0x00001a52      0x1bb ./HAL/HLCD.o
 .debug_abbrev  0x00001c0d       0x98 ./HAL/HLCD_config.o
 .debug_abbrev  0x00001ca5      0x133 ./HAL/HLED.o
 .debug_abbrev  0x00001dd8       0xa0 ./HAL/HSwitch_Config.o
 .debug_abbrev  0x00001e78      0x14c ./HAL/HSwitch_program.o
 .debug_abbrev  0x00001fc4      0x116 ./HAL/UARTHandler_program.o

.debug_line     0x00000000     0x5451
 *(.debug_line)
 .debug_line    0x00000000      0x3eb ./system/src/newlib/_exit.o
 .debug_line    0x000003eb      0x39f ./system/src/newlib/_sbrk.o
 .debug_line    0x0000078a      0x459 ./system/src/newlib/_startup.o
 .debug_line    0x00000be3      0x4dc ./system/src/newlib/_syscalls.o
 .debug_line    0x000010bf      0x467 ./system/src/diag/Trace.o
 .debug_line    0x00001526      0x6d4 ./system/src/diag/trace_impl.o
 .debug_line    0x00001bfa      0x39b ./system/src/cortexm/_initialize_hardware.o
 .debug_line    0x00001f95      0x796 ./system/src/cortexm/exception_handlers.o
 .debug_line    0x0000272b      0x40e ./system/src/cmsis/system_stm32f10x.o
 .debug_line    0x00002b39      0x127 ./system/src/cmsis/vectors_stm32f10x.o
 .debug_line    0x00002c60      0x35a ./src/App.o
 .debug_line    0x00002fba      0x351 ./src/main.o
 .debug_line    0x0000330b      0x2d4 ./OS/Sched.o
 .debug_line    0x000035df      0x252 ./OS/Sched_config.o
 .debug_line    0x00003831      0x2c6 ./MCAL/GPIO_program.o
 .debug_line    0x00003af7      0x3b6 ./MCAL/RCC_program.o
 .debug_line    0x00003ead      0x1f8 ./MCAL/SYSTICK.o
 .debug_line    0x000040a5      0x2e7 ./MCAL/UART_program.o
 .debug_line    0x0000438c      0x3e5 ./HAL/HLCD.o
 .debug_line    0x00004771      0x217 ./HAL/HLCD_config.o
 .debug_line    0x00004988      0x295 ./HAL/HLED.o
 .debug_line    0x00004c1d      0x244 ./HAL/HSwitch_Config.o
 .debug_line    0x00004e61      0x32a ./HAL/HSwitch_program.o
 .debug_line    0x0000518b      0x2c6 ./HAL/UARTHandler_program.o

.debug_frame    0x00000000      0xc88
 *(.debug_frame)
 .debug_frame   0x00000000       0x38 ./system/src/newlib/_exit.o
 .debug_frame   0x00000038       0x28 ./system/src/newlib/_sbrk.o
 .debug_frame   0x00000060       0x7c ./system/src/newlib/_startup.o
 .debug_frame   0x000000dc       0x50 ./system/src/newlib/_syscalls.o
 .debug_frame   0x0000012c       0x94 ./system/src/diag/Trace.o
 .debug_frame   0x000001c0       0x64 ./system/src/diag/trace_impl.o
 .debug_frame   0x00000224       0x40 ./system/src/cortexm/_initialize_hardware.o
 .debug_frame   0x00000264      0x158 ./system/src/cortexm/exception_handlers.o
 .debug_frame   0x000003bc       0x6c ./system/src/cmsis/system_stm32f10x.o
 .debug_frame   0x00000428       0x20 ./system/src/cmsis/vectors_stm32f10x.o
 .debug_frame   0x00000448       0x28 ./src/App.o
 .debug_frame   0x00000470       0x28 ./src/main.o
 .debug_frame   0x00000498       0x7c ./OS/Sched.o
 .debug_frame   0x00000514       0x54 ./MCAL/GPIO_program.o
 .debug_frame   0x00000568       0xb8 ./MCAL/RCC_program.o
 .debug_frame   0x00000620       0x80 ./MCAL/SYSTICK.o
 .debug_frame   0x000006a0       0xa4 ./MCAL/UART_program.o
 .debug_frame   0x00000744       0xd8 ./HAL/HLCD.o
 .debug_frame   0x0000081c       0x44 ./HAL/HLED.o
 .debug_frame   0x00000860       0x58 ./HAL/HSwitch_program.o
 .debug_frame   0x000008b8       0x80 ./HAL/UARTHandler_program.o
 .debug_frame   0x00000938       0x2c f:/mina/embeded_systems/es_iti_intake_40/es_turkey comp. arch/materials/arm tools iti/arm gcc/bin/../lib/gcc/arm-none-eabi/5.4.1/armv7-m\libgcc.a(_aeabi_uldivmod.o)
 .debug_frame   0x00000964       0x38 f:/mina/embeded_systems/es_iti_intake_40/es_turkey comp. arch/materials/arm tools iti/arm gcc/bin/../lib/gcc/arm-none-eabi/5.4.1/armv7-m\libgcc.a(_udivmoddi4.o)
 .debug_frame   0x0000099c       0x20 f:/mina/embeded_systems/es_iti_intake_40/es_turkey comp. arch/materials/arm tools iti/arm gcc/bin/../lib/gcc/arm-none-eabi/5.4.1/../../../../arm-none-eabi/lib/armv7-m\libg_nano.a(lib_a-errno.o)
 .debug_frame   0x000009bc       0x48 f:/mina/embeded_systems/es_iti_intake_40/es_turkey comp. arch/materials/arm tools iti/arm gcc/bin/../lib/gcc/arm-none-eabi/5.4.1/../../../../arm-none-eabi/lib/armv7-m\libg_nano.a(lib_a-vsnprintf.o)
 .debug_frame   0x00000a04       0x90 f:/mina/embeded_systems/es_iti_intake_40/es_turkey comp. arch/materials/arm tools iti/arm gcc/bin/../lib/gcc/arm-none-eabi/5.4.1/../../../../arm-none-eabi/lib/armv7-m\libg_nano.a(lib_a-nano-svfprintf.o)
 .debug_frame   0x00000a94       0x60 f:/mina/embeded_systems/es_iti_intake_40/es_turkey comp. arch/materials/arm tools iti/arm gcc/bin/../lib/gcc/arm-none-eabi/5.4.1/../../../../arm-none-eabi/lib/armv7-m\libg_nano.a(lib_a-nano-vfprintf_i.o)
 .debug_frame   0x00000af4       0x28 f:/mina/embeded_systems/es_iti_intake_40/es_turkey comp. arch/materials/arm tools iti/arm gcc/bin/../lib/gcc/arm-none-eabi/5.4.1/../../../../arm-none-eabi/lib/armv7-m\libg_nano.a(lib_a-memchr-stub.o)
 .debug_frame   0x00000b1c       0x28 f:/mina/embeded_systems/es_iti_intake_40/es_turkey comp. arch/materials/arm tools iti/arm gcc/bin/../lib/gcc/arm-none-eabi/5.4.1/../../../../arm-none-eabi/lib/armv7-m\libg_nano.a(lib_a-memcpy-stub.o)
 .debug_frame   0x00000b44       0x28 f:/mina/embeded_systems/es_iti_intake_40/es_turkey comp. arch/materials/arm tools iti/arm gcc/bin/../lib/gcc/arm-none-eabi/5.4.1/../../../../arm-none-eabi/lib/armv7-m\libg_nano.a(lib_a-memmove.o)
 .debug_frame   0x00000b6c       0x38 f:/mina/embeded_systems/es_iti_intake_40/es_turkey comp. arch/materials/arm tools iti/arm gcc/bin/../lib/gcc/arm-none-eabi/5.4.1/../../../../arm-none-eabi/lib/armv7-m\libg_nano.a(lib_a-nano-freer.o)
 .debug_frame   0x00000ba4       0x2c f:/mina/embeded_systems/es_iti_intake_40/es_turkey comp. arch/materials/arm tools iti/arm gcc/bin/../lib/gcc/arm-none-eabi/5.4.1/../../../../arm-none-eabi/lib/armv7-m\libg_nano.a(lib_a-nano-mallocr.o)
 .debug_frame   0x00000bd0       0x3c f:/mina/embeded_systems/es_iti_intake_40/es_turkey comp. arch/materials/arm tools iti/arm gcc/bin/../lib/gcc/arm-none-eabi/5.4.1/../../../../arm-none-eabi/lib/armv7-m\libg_nano.a(lib_a-nano-reallocr.o)
 .debug_frame   0x00000c0c       0x2c f:/mina/embeded_systems/es_iti_intake_40/es_turkey comp. arch/materials/arm tools iti/arm gcc/bin/../lib/gcc/arm-none-eabi/5.4.1/../../../../arm-none-eabi/lib/armv7-m\libg_nano.a(lib_a-sbrkr.o)
 .debug_frame   0x00000c38       0x30 f:/mina/embeded_systems/es_iti_intake_40/es_turkey comp. arch/materials/arm tools iti/arm gcc/bin/../lib/gcc/arm-none-eabi/5.4.1/../../../../arm-none-eabi/lib/armv7-m\libg_nano.a(lib_a-mlock.o)
 .debug_frame   0x00000c68       0x20 f:/mina/embeded_systems/es_iti_intake_40/es_turkey comp. arch/materials/arm tools iti/arm gcc/bin/../lib/gcc/arm-none-eabi/5.4.1/../../../../arm-none-eabi/lib/armv7-m\libg_nano.a(lib_a-nano-msizer.o)

.debug_str      0x00000000    0x581e4
 *(.debug_str)
 .debug_str     0x00000000     0x7d16 ./system/src/newlib/_exit.o
                               0x7ee9 (size before relaxing)
 .debug_str     0x00007d16      0x4f5 ./system/src/newlib/_sbrk.o
                               0x729b (size before relaxing)
 .debug_str     0x0000820b      0xbbd ./system/src/newlib/_startup.o
                               0x69d6 (size before relaxing)
 .debug_str     0x00008dc8      0xe8b ./system/src/newlib/_syscalls.o
                               0x8176 (size before relaxing)
 .debug_str     0x00009c53      0x826 ./system/src/diag/Trace.o
                               0x8661 (size before relaxing)
 .debug_str     0x0000a479    0x4b2b9 ./system/src/diag/trace_impl.o
                              0x52a47 (size before relaxing)
 .debug_str     0x00055732       0xc4 ./system/src/cortexm/_initialize_hardware.o
                              0x4e838 (size before relaxing)
 .debug_str     0x000557f6      0x1a0 ./system/src/cortexm/exception_handlers.o
                              0x53c6c (size before relaxing)
 .debug_str     0x00055996      0x114 ./system/src/cmsis/system_stm32f10x.o
                              0x4e8d2 (size before relaxing)
 .debug_str     0x00055aaa       0x57 ./system/src/cmsis/vectors_stm32f10x.o
                               0x3877 (size before relaxing)
 .debug_str     0x00055b01     0x146a ./src/App.o
                               0x3865 (size before relaxing)
 .debug_str     0x00056f6b       0x44 ./src/main.o
                               0x3745 (size before relaxing)
 .debug_str     0x00056faf      0x1d8 ./OS/Sched.o
                               0x3605 (size before relaxing)
 .debug_str     0x00057187       0x20 ./OS/Sched_config.o
                               0x26ce (size before relaxing)
 .debug_str     0x000571a7      0x24b ./MCAL/GPIO_program.o
                               0x2a32 (size before relaxing)
 .debug_str     0x000573f2      0x221 ./MCAL/RCC_program.o
                               0x371d (size before relaxing)
 .debug_str     0x00057613      0x15a ./MCAL/SYSTICK.o
                               0x2828 (size before relaxing)
 .debug_str     0x0005776d      0x59a ./MCAL/UART_program.o
                               0x2bd9 (size before relaxing)
 .debug_str     0x00057d07      0x2de ./HAL/HLCD.o
                               0x39c1 (size before relaxing)
 .debug_str     0x00057fe5       0x15 ./HAL/HLCD_config.o
                               0x29d8 (size before relaxing)
 .debug_str     0x00057ffa       0xad ./HAL/HLED.o
                               0x2a09 (size before relaxing)
 .debug_str     0x000580a7       0x73 ./HAL/HSwitch_Config.o
                               0x28cc (size before relaxing)
 .debug_str     0x0005811a       0x56 ./HAL/HSwitch_program.o
                               0x2974 (size before relaxing)
 .debug_str     0x00058170       0x74 ./HAL/UARTHandler_program.o
                               0x3cc8 (size before relaxing)

.debug_loc      0x00000000     0x1e17
 *(.debug_loc)
 .debug_loc     0x00000000       0x85 ./system/src/newlib/_sbrk.o
 .debug_loc     0x00000085      0x1a9 ./system/src/newlib/_startup.o
 .debug_loc     0x0000022e       0x63 ./system/src/newlib/_syscalls.o
 .debug_loc     0x00000291       0xf6 ./system/src/diag/Trace.o
 .debug_loc     0x00000387      0x121 ./system/src/diag/trace_impl.o
 .debug_loc     0x000004a8      0x291 ./system/src/cortexm/exception_handlers.o
 .debug_loc     0x00000739       0xdf ./system/src/cmsis/system_stm32f10x.o
 .debug_loc     0x00000818       0x48 ./OS/Sched.o
 .debug_loc     0x00000860      0x5a6 ./MCAL/GPIO_program.o
 .debug_loc     0x00000e06      0xa48 ./MCAL/RCC_program.o
 .debug_loc     0x0000184e       0xd3 ./MCAL/SYSTICK.o
 .debug_loc     0x00001921      0x171 ./MCAL/UART_program.o
 .debug_loc     0x00001a92      0x13e ./HAL/HLCD.o
 .debug_loc     0x00001bd0       0xf7 ./HAL/HLED.o
 .debug_loc     0x00001cc7       0x4b ./HAL/HSwitch_program.o
 .debug_loc     0x00001d12      0x105 ./HAL/UARTHandler_program.o

.debug_macinfo
 *(.debug_macinfo)

.debug_weaknames
 *(.debug_weaknames)

.debug_funcnames
 *(.debug_funcnames)

.debug_typenames
 *(.debug_typenames)

.debug_varnames
 *(.debug_varnames)
OUTPUT(Project.elf elf32-littlearm)

.debug_ranges   0x00000000      0x3e0
 .debug_ranges  0x00000000       0x18 ./system/src/newlib/_exit.o
 .debug_ranges  0x00000018       0x10 ./system/src/newlib/_sbrk.o
 .debug_ranges  0x00000028       0x78 ./system/src/newlib/_startup.o
 .debug_ranges  0x000000a0       0x20 ./system/src/newlib/_syscalls.o
 .debug_ranges  0x000000c0       0x28 ./system/src/diag/Trace.o
 .debug_ranges  0x000000e8       0x50 ./system/src/diag/trace_impl.o
 .debug_ranges  0x00000138       0x18 ./system/src/cortexm/_initialize_hardware.o
 .debug_ranges  0x00000150       0x80 ./system/src/cortexm/exception_handlers.o
 .debug_ranges  0x000001d0       0x28 ./system/src/cmsis/system_stm32f10x.o
 .debug_ranges  0x000001f8       0x10 ./system/src/cmsis/vectors_stm32f10x.o
 .debug_ranges  0x00000208       0x10 ./src/App.o
 .debug_ranges  0x00000218       0x10 ./src/main.o
 .debug_ranges  0x00000228       0x30 ./OS/Sched.o
 .debug_ranges  0x00000258       0x20 ./MCAL/GPIO_program.o
 .debug_ranges  0x00000278       0x50 ./MCAL/RCC_program.o
 .debug_ranges  0x000002c8       0x38 ./MCAL/SYSTICK.o
 .debug_ranges  0x00000300       0x40 ./MCAL/UART_program.o
 .debug_ranges  0x00000340       0x40 ./HAL/HLCD.o
 .debug_ranges  0x00000380       0x18 ./HAL/HLED.o
 .debug_ranges  0x00000398       0x20 ./HAL/HSwitch_program.o
 .debug_ranges  0x000003b8       0x28 ./HAL/UARTHandler_program.o

.debug_macro    0x00000000     0x3c46
 .debug_macro   0x00000000      0x1b4 ./system/src/newlib/_exit.o
 .debug_macro   0x000001b4       0x9c ./system/src/newlib/_exit.o
 .debug_macro   0x00000250      0x10e ./system/src/newlib/_exit.o
 .debug_macro   0x0000035e       0x8d ./system/src/newlib/_exit.o
 .debug_macro   0x000003eb       0x43 ./system/src/newlib/_exit.o
 .debug_macro   0x0000042e      0x330 ./system/src/newlib/_exit.o
 .debug_macro   0x0000075e       0x35 ./system/src/newlib/_exit.o
 .debug_macro   0x00000793      0x169 ./system/src/newlib/_sbrk.o
 .debug_macro   0x000008fc      0x174 ./system/src/newlib/_sbrk.o
 .debug_macro   0x00000a70       0x10 ./system/src/newlib/_sbrk.o
 .debug_macro   0x00000a80      0x23b ./system/src/newlib/_sbrk.o
 .debug_macro   0x00000cbb      0x173 ./system/src/newlib/_startup.o
 .debug_macro   0x00000e2e      0x217 ./system/src/newlib/_syscalls.o
 .debug_macro   0x00001045       0x1c ./system/src/newlib/_syscalls.o
 .debug_macro   0x00001061       0x10 ./system/src/newlib/_syscalls.o
 .debug_macro   0x00001071       0x10 ./system/src/newlib/_syscalls.o
 .debug_macro   0x00001081       0x10 ./system/src/newlib/_syscalls.o
 .debug_macro   0x00001091       0x35 ./system/src/newlib/_syscalls.o
 .debug_macro   0x000010c6      0x122 ./system/src/newlib/_syscalls.o
 .debug_macro   0x000011e8       0x88 ./system/src/newlib/_syscalls.o
 .debug_macro   0x00001270       0x2b ./system/src/newlib/_syscalls.o
 .debug_macro   0x0000129b      0x118 ./system/src/newlib/_syscalls.o
 .debug_macro   0x000013b3      0x189 ./system/src/newlib/_syscalls.o
 .debug_macro   0x0000153c       0x16 ./system/src/newlib/_syscalls.o
 .debug_macro   0x00001552      0x1fb ./system/src/diag/Trace.o
 .debug_macro   0x0000174d       0x16 ./system/src/diag/Trace.o
 .debug_macro   0x00001763       0x97 ./system/src/diag/Trace.o
 .debug_macro   0x000017fa       0xfd ./system/src/diag/Trace.o
 .debug_macro   0x000018f7       0x10 ./system/src/diag/Trace.o
 .debug_macro   0x00001907       0x16 ./system/src/diag/Trace.o
 .debug_macro   0x0000191d      0x16f ./system/src/diag/Trace.o
 .debug_macro   0x00001a8c       0x4c ./system/src/diag/Trace.o
 .debug_macro   0x00001ad8       0x16 ./system/src/diag/Trace.o
 .debug_macro   0x00001aee      0x2da ./system/src/diag/trace_impl.o
 .debug_macro   0x00001dc8       0x10 ./system/src/diag/trace_impl.o
 .debug_macro   0x00001dd8       0xcf ./system/src/diag/trace_impl.o
 .debug_macro   0x00001ea7       0xbe ./system/src/diag/trace_impl.o
 .debug_macro   0x00001f65       0x22 ./system/src/diag/trace_impl.o
 .debug_macro   0x00001f87      0x16b ./system/src/cortexm/_initialize_hardware.o
 .debug_macro   0x000020f2      0x324 ./system/src/cortexm/exception_handlers.o
 .debug_macro   0x00002416       0x3b ./system/src/cortexm/exception_handlers.o
 .debug_macro   0x00002451       0x10 ./system/src/cortexm/exception_handlers.o
 .debug_macro   0x00002461      0x16e ./system/src/cmsis/system_stm32f10x.o
 .debug_macro   0x000025cf       0x34 ./system/src/cmsis/vectors_stm32f10x.o
 .debug_macro   0x00002603       0xa1 ./src/App.o
 .debug_macro   0x000026a4      0x88c ./src/App.o
 .debug_macro   0x00002f30       0x10 ./src/App.o
 .debug_macro   0x00002f40       0x22 ./src/App.o
 .debug_macro   0x00002f62       0x88 ./src/App.o
 .debug_macro   0x00002fea      0x40b ./src/App.o
 .debug_macro   0x000033f5       0x2e ./src/App.o
 .debug_macro   0x00003423       0x10 ./src/App.o
 .debug_macro   0x00003433       0x7d ./src/main.o
 .debug_macro   0x000034b0       0x55 ./OS/Sched.o
 .debug_macro   0x00003505       0x22 ./OS/Sched.o
 .debug_macro   0x00003527       0x16 ./OS/Sched.o
 .debug_macro   0x0000353d       0x53 ./OS/Sched_config.o
 .debug_macro   0x00003590       0x5c ./MCAL/GPIO_program.o
 .debug_macro   0x000035ec       0x43 ./MCAL/RCC_program.o
 .debug_macro   0x0000362f       0x28 ./MCAL/RCC_program.o
 .debug_macro   0x00003657       0x50 ./MCAL/SYSTICK.o
 .debug_macro   0x000036a7       0x1c ./MCAL/SYSTICK.o
 .debug_macro   0x000036c3       0x16 ./MCAL/SYSTICK.o
 .debug_macro   0x000036d9       0x32 ./MCAL/UART_program.o
 .debug_macro   0x0000370b      0x106 ./MCAL/UART_program.o
 .debug_macro   0x00003811       0x89 ./HAL/HLCD.o
 .debug_macro   0x0000389a       0x64 ./HAL/HLCD.o
 .debug_macro   0x000038fe       0x32 ./HAL/HLCD_config.o
 .debug_macro   0x00003930       0x82 ./HAL/HLCD_config.o
 .debug_macro   0x000039b2       0x48 ./HAL/HLED.o
 .debug_macro   0x000039fa       0x22 ./HAL/HLED.o
 .debug_macro   0x00003a1c       0x10 ./HAL/HLED.o
 .debug_macro   0x00003a2c       0x46 ./HAL/HSwitch_Config.o
 .debug_macro   0x00003a72       0x10 ./HAL/HSwitch_Config.o
 .debug_macro   0x00003a82       0x51 ./HAL/HSwitch_program.o
 .debug_macro   0x00003ad3       0x10 ./HAL/HSwitch_program.o
 .debug_macro   0x00003ae3       0x57 ./HAL/UARTHandler_program.o
 .debug_macro   0x00003b3a      0x10c ./HAL/UARTHandler_program.o
