Archive member included to satisfy reference by file (symbol)

f:/mina/embeded_systems/es_iti_intake_40/es_turkey comp. arch/materials/arm tools iti/arm gcc/bin/../lib/gcc/arm-none-eabi/5.4.1/armv7-m\libgcc.a(_arm_addsubsf3.o)
                              ./src/UART_program.o (__aeabi_fsub)
f:/mina/embeded_systems/es_iti_intake_40/es_turkey comp. arch/materials/arm tools iti/arm gcc/bin/../lib/gcc/arm-none-eabi/5.4.1/armv7-m\libgcc.a(_arm_muldivsf3.o)
                              ./src/UART_program.o (__aeabi_fmul)
f:/mina/embeded_systems/es_iti_intake_40/es_turkey comp. arch/materials/arm tools iti/arm gcc/bin/../lib/gcc/arm-none-eabi/5.4.1/armv7-m\libgcc.a(_arm_fixunssfsi.o)
                              ./src/UART_program.o (__aeabi_f2uiz)
f:/mina/embeded_systems/es_iti_intake_40/es_turkey comp. arch/materials/arm tools iti/arm gcc/bin/../lib/gcc/arm-none-eabi/5.4.1/armv7-m\libgcc.a(_aeabi_uldivmod.o)
                              ./src/SYSTICK.o (__aeabi_uldivmod)
f:/mina/embeded_systems/es_iti_intake_40/es_turkey comp. arch/materials/arm tools iti/arm gcc/bin/../lib/gcc/arm-none-eabi/5.4.1/armv7-m\libgcc.a(_udivmoddi4.o)
                              f:/mina/embeded_systems/es_iti_intake_40/es_turkey comp. arch/materials/arm tools iti/arm gcc/bin/../lib/gcc/arm-none-eabi/5.4.1/armv7-m\libgcc.a(_aeabi_uldivmod.o) (__udivmoddi4)
f:/mina/embeded_systems/es_iti_intake_40/es_turkey comp. arch/materials/arm tools iti/arm gcc/bin/../lib/gcc/arm-none-eabi/5.4.1/armv7-m\libgcc.a(_dvmd_tls.o)
                              f:/mina/embeded_systems/es_iti_intake_40/es_turkey comp. arch/materials/arm tools iti/arm gcc/bin/../lib/gcc/arm-none-eabi/5.4.1/armv7-m\libgcc.a(_aeabi_uldivmod.o) (__aeabi_ldiv0)
f:/mina/embeded_systems/es_iti_intake_40/es_turkey comp. arch/materials/arm tools iti/arm gcc/bin/../lib/gcc/arm-none-eabi/5.4.1/../../../../arm-none-eabi/lib/armv7-m\libg_nano.a(lib_a-errno.o)
                              ./system/src/newlib/_sbrk.o (__errno)
f:/mina/embeded_systems/es_iti_intake_40/es_turkey comp. arch/materials/arm tools iti/arm gcc/bin/../lib/gcc/arm-none-eabi/5.4.1/../../../../arm-none-eabi/lib/armv7-m\libg_nano.a(lib_a-impure.o)
                              f:/mina/embeded_systems/es_iti_intake_40/es_turkey comp. arch/materials/arm tools iti/arm gcc/bin/../lib/gcc/arm-none-eabi/5.4.1/../../../../arm-none-eabi/lib/armv7-m\libg_nano.a(lib_a-errno.o) (_impure_ptr)
f:/mina/embeded_systems/es_iti_intake_40/es_turkey comp. arch/materials/arm tools iti/arm gcc/bin/../lib/gcc/arm-none-eabi/5.4.1/../../../../arm-none-eabi/lib/armv7-m\libg_nano.a(lib_a-strlen.o)
                              ./system/src/diag/Trace.o (strlen)
f:/mina/embeded_systems/es_iti_intake_40/es_turkey comp. arch/materials/arm tools iti/arm gcc/bin/../lib/gcc/arm-none-eabi/5.4.1/../../../../arm-none-eabi/lib/armv7-m\libg_nano.a(lib_a-vsnprintf.o)
                              ./system/src/diag/Trace.o (vsnprintf)
f:/mina/embeded_systems/es_iti_intake_40/es_turkey comp. arch/materials/arm tools iti/arm gcc/bin/../lib/gcc/arm-none-eabi/5.4.1/../../../../arm-none-eabi/lib/armv7-m\libg_nano.a(lib_a-nano-svfprintf.o)
                              f:/mina/embeded_systems/es_iti_intake_40/es_turkey comp. arch/materials/arm tools iti/arm gcc/bin/../lib/gcc/arm-none-eabi/5.4.1/../../../../arm-none-eabi/lib/armv7-m\libg_nano.a(lib_a-vsnprintf.o) (_svfprintf_r)
f:/mina/embeded_systems/es_iti_intake_40/es_turkey comp. arch/materials/arm tools iti/arm gcc/bin/../lib/gcc/arm-none-eabi/5.4.1/../../../../arm-none-eabi/lib/armv7-m\libg_nano.a(lib_a-nano-vfprintf_i.o)
                              f:/mina/embeded_systems/es_iti_intake_40/es_turkey comp. arch/materials/arm tools iti/arm gcc/bin/../lib/gcc/arm-none-eabi/5.4.1/../../../../arm-none-eabi/lib/armv7-m\libg_nano.a(lib_a-nano-svfprintf.o) (_printf_i)
f:/mina/embeded_systems/es_iti_intake_40/es_turkey comp. arch/materials/arm tools iti/arm gcc/bin/../lib/gcc/arm-none-eabi/5.4.1/../../../../arm-none-eabi/lib/armv7-m\libg_nano.a(lib_a-memchr-stub.o)
                              f:/mina/embeded_systems/es_iti_intake_40/es_turkey comp. arch/materials/arm tools iti/arm gcc/bin/../lib/gcc/arm-none-eabi/5.4.1/../../../../arm-none-eabi/lib/armv7-m\libg_nano.a(lib_a-nano-svfprintf.o) (memchr)
f:/mina/embeded_systems/es_iti_intake_40/es_turkey comp. arch/materials/arm tools iti/arm gcc/bin/../lib/gcc/arm-none-eabi/5.4.1/../../../../arm-none-eabi/lib/armv7-m\libg_nano.a(lib_a-memcpy-stub.o)
                              f:/mina/embeded_systems/es_iti_intake_40/es_turkey comp. arch/materials/arm tools iti/arm gcc/bin/../lib/gcc/arm-none-eabi/5.4.1/../../../../arm-none-eabi/lib/armv7-m\libg_nano.a(lib_a-nano-svfprintf.o) (memcpy)
f:/mina/embeded_systems/es_iti_intake_40/es_turkey comp. arch/materials/arm tools iti/arm gcc/bin/../lib/gcc/arm-none-eabi/5.4.1/../../../../arm-none-eabi/lib/armv7-m\libg_nano.a(lib_a-memmove.o)
[...]
Memory Configuration

Name             Origin             Length             Attributes
RAM              0x20000000         0x00005000         xrw
CCMRAM           0x00000000         0x00000000         xrw
FLASH            0x08000000         0x00020000         xr
FLASHB1          0x00000000         0x00000000         xr
EXTMEMB0         0x00000000         0x00000000         xr
EXTMEMB1         0x00000000         0x00000000         xr
EXTMEMB2         0x00000000         0x00000000         xr
EXTMEMB3         0x00000000         0x00000000         xr
MEMORY_ARRAY     0x00000000         0x00000000         xrw
*default*        0x00000000         0xffffffff

Linker script and memory map

LOAD ./system/src/stm32f1-stdperiph/misc.o
LOAD ./system/src/stm32f1-stdperiph/stm32f10x_gpio.o
LOAD ./system/src/stm32f1-stdperiph/stm32f10x_rcc.o
LOAD ./system/src/newlib/_cxx.o
LOAD ./system/src/newlib/_exit.o
LOAD ./system/src/newlib/_sbrk.o
LOAD ./system/src/newlib/_startup.o
LOAD ./system/src/newlib/_syscalls.o
LOAD ./system/src/newlib/assert.o
LOAD ./system/src/diag/Trace.o
LOAD ./system/src/diag/trace_impl.o
LOAD ./system/src/cortexm/_initialize_hardware.o
LOAD ./system/src/cortexm/_reset_hardware.o
LOAD ./system/src/cortexm/exception_handlers.o
LOAD ./system/src/cmsis/system_stm32f10x.o
LOAD ./system/src/cmsis/vectors_stm32f10x.o
LOAD ./src/GPIO_program.o
LOAD ./src/HLCD.o
LOAD ./src/HLCD_config.o
LOAD ./src/HLED.o
LOAD ./src/HSwitch_Config.o
LOAD ./src/HSwitch_program.o
LOAD ./src/NVIC_Program.o
LOAD ./src/RCC_program.o
LOAD ./src/SYSTICK.o
LOAD ./src/Sched.o
LOAD ./src/Sched_config.o
LOAD ./src/UARTHandler_program.o
LOAD ./src/UART_program.o
LOAD ./src/_write.o
LOAD ./src/main.o
LOAD f:/mina/embeded_systems/es_iti_intake_40/es_turkey comp. arch/materials/arm tools iti/arm gcc/bin/../lib/gcc/arm-none-eabi/5.4.1/../../../../arm-none-eabi/lib/armv7-m\libstdc++_nano.a
LOAD f:/mina/embeded_systems/es_iti_intake_40/es_turkey comp. arch/materials/arm tools iti/arm gcc/bin/../lib/gcc/arm-none-eabi/5.4.1/../../../../arm-none-eabi/lib/armv7-m\libm.a
START GROUP
LOAD f:/mina/embeded_systems/es_iti_intake_40/es_turkey comp. arch/materials/arm tools iti/arm gcc/bin/../lib/gcc/arm-none-eabi/5.4.1/armv7-m\libgcc.a
LOAD f:/mina/embeded_systems/es_iti_intake_40/es_turkey comp. arch/materials/arm tools iti/arm gcc/bin/../lib/gcc/arm-none-eabi/5.4.1/../../../../arm-none-eabi/lib/armv7-m\libg_nano.a
LOAD f:/mina/embeded_systems/es_iti_intake_40/es_turkey comp. arch/materials/arm tools iti/arm gcc/bin/../lib/gcc/arm-none-eabi/5.4.1/../../../../arm-none-eabi/lib/armv7-m\libc_nano.a
END GROUP
START GROUP
LOAD f:/mina/embeded_systems/es_iti_intake_40/es_turkey comp. arch/materials/arm tools iti/arm gcc/bin/../lib/gcc/arm-none-eabi/5.4.1/armv7-m\libgcc.a
LOAD f:/mina/embeded_systems/es_iti_intake_40/es_turkey comp. arch/materials/arm tools iti/arm gcc/bin/../lib/gcc/arm-none-eabi/5.4.1/../../../../arm-none-eabi/lib/armv7-m\libc_nano.a
END GROUP
                0x20005000                __stack = (ORIGIN (RAM) + LENGTH (RAM))
                0x20005000                _estack = __stack
                0x00000400                __Main_Stack_Size = 0x400
                [!provide]                PROVIDE (_Main_Stack_Size, __Main_Stack_Size)
                0x20004c00                __Main_Stack_Limit = (__stack - __Main_Stack_Size)
                [!provide]                PROVIDE (_Main_Stack_Limit, __Main_Stack_Limit)
                0x00000100                _Minimum_Stack_Size = 0x100
                0x200002f8                PROVIDE (_Heap_Begin, _end_noinit)
                0x20004c00                PROVIDE (_Heap_Limit, (__stack - __Main_Stack_Size))

.isr_vector     0x08000000      0x350
 FILL mask 0xff
                0x08000000                __vectors_start = ABSOLUTE (.)
                0x08000000                __vectors_start__ = ABSOLUTE (.)
 *(.isr_vector)
 .isr_vector    0x08000000      0x10c ./system/src/cmsis/vectors_stm32f10x.o
                0x08000000                __isr_vectors
 *(.cfmconfig)
 *(.after_vectors .after_vectors.*)
 .after_vectors
                0x0800010c      0x114 ./system/src/newlib/_startup.o
                0x0800010c                _start
 .after_vectors
                0x08000220      0x12c ./system/src/cortexm/exception_handlers.o
                0x08000220                Reset_Handler
                0x08000226                NMI_Handler
                0x0800022a                HardFault_Handler
                0x0800023e                HardFault_Handler_C
                0x0800029c                MemManage_Handler
                0x080002a0                BusFault_Handler
                0x080002b4                BusFault_Handler_C
                0x080002e8                UsageFault_Handler
                0x080002fc                UsageFault_Handler_C
                0x08000330                SVC_Handler
                0x08000334                DebugMon_Handler
                0x08000338                PendSV_Handler
 .after_vectors
                0x0800034c        0x4 ./system/src/cmsis/vectors_stm32f10x.o
                0x0800034c                EXTI2_IRQHandler
                0x0800034c                TIM8_TRG_COM_IRQHandler
                0x0800034c                TIM8_CC_IRQHandler
                0x0800034c                TIM1_CC_IRQHandler
                0x0800034c                TIM6_IRQHandler
                0x0800034c                PVD_IRQHandler
                0x0800034c                SDIO_IRQHandler
                0x0800034c                CAN2_RX1_IRQHandler
                0x0800034c                EXTI3_IRQHandler
                0x0800034c                TIM8_TRG_COM_TIM14_IRQHandler
                0x0800034c                TIM1_UP_TIM10_IRQHandler
                0x0800034c                TIM8_UP_TIM13_IRQHandler
                0x0800034c                EXTI0_IRQHandler
                0x0800034c                I2C2_EV_IRQHandler
                0x0800034c                CAN1_RX0_IRQHandler
                0x0800034c                TIM1_UP_TIM16_IRQHandler
                0x0800034c                CAN2_SCE_IRQHandler
                0x0800034c                ADC1_2_IRQHandler
                0x0800034c                SPI1_IRQHandler
                0x0800034c                TAMPER_IRQHandler
                0x0800034c                TIM6_DAC_IRQHandler
                0x0800034c                TIM1_BRK_TIM9_IRQHandler
                0x0800034c                CAN2_RX0_IRQHandler
                0x0800034c                TIM8_UP_IRQHandler
                0x0800034c                DMA2_Channel2_IRQHandler
                0x0800034c                DMA1_Channel4_IRQHandler
                0x0800034c                USART3_IRQHandler
                0x0800034c                RTC_IRQHandler
                0x0800034c                DMA1_Channel7_IRQHandler
                0x0800034c                CAN1_RX1_IRQHandler
                0x0800034c                UART5_IRQHandler
                0x0800034c                ADC3_IRQHandler
                0x0800034c                TIM4_IRQHandler
                0x0800034c                DMA2_Channel1_IRQHandler
                0x0800034c                I2C1_EV_IRQHandler
                0x0800034c                DMA1_Channel6_IRQHandler
                0x0800034c                UART4_IRQHandler
                0x0800034c                DMA2_Channel4_IRQHandler
                0x0800034c                TIM3_IRQHandler
                0x0800034c                RCC_IRQHandler
                0x0800034c                TIM8_BRK_TIM12_IRQHandler
                0x0800034c                TIM1_TRG_COM_IRQHandler
                0x0800034c                DMA1_Channel1_IRQHandler
                0x0800034c                Default_Handler
                0x0800034c                CEC_IRQHandler
                0x0800034c                EXTI15_10_IRQHandler
                0x0800034c                TIM14_IRQHandler
                0x0800034c                TIM13_IRQHandler
                0x0800034c                TIM12_IRQHandler
                0x0800034c                TIM7_IRQHandler
                0x0800034c                CAN2_TX_IRQHandler
                0x0800034c                TIM5_IRQHandler
                0x0800034c                EXTI9_5_IRQHandler
                0x0800034c                ETH_WKUP_IRQHandler
                0x0800034c                SPI2_IRQHandler
                0x0800034c                CAN1_TX_IRQHandler
                0x0800034c                DMA2_Channel5_IRQHandler
                0x0800034c                DMA1_Channel5_IRQHandler
                0x0800034c                EXTI4_IRQHandler
                0x0800034c                USB_LP_CAN1_RX0_IRQHandler
                0x0800034c                TIM1_TRG_COM_TIM17_IRQHandler
                0x0800034c                USB_HP_CAN1_TX_IRQHandler
                0x0800034c                DMA1_Channel3_IRQHandler
                0x0800034c                FSMC_IRQHandler
                0x0800034c                ETH_IRQHandler
                0x0800034c                TIM1_UP_IRQHandler
                0x0800034c                WWDG_IRQHandler
                0x0800034c                TIM2_IRQHandler
                0x0800034c                OTG_FS_WKUP_IRQHandler
                0x0800034c                TIM1_TRG_COM_TIM11_IRQHandler
                0x0800034c                TIM1_BRK_IRQHandler
                0x0800034c                EXTI1_IRQHandler
                0x0800034c                RTCAlarm_IRQHandler
                0x0800034c                DMA2_Channel4_5_IRQHandler
                0x0800034c                USART2_IRQHandler
                0x0800034c                I2C2_ER_IRQHandler
                0x0800034c                DMA1_Channel2_IRQHandler
                0x0800034c                TIM8_BRK_IRQHandler
                0x0800034c                CAN1_SCE_IRQHandler
                0x0800034c                FLASH_IRQHandler
                0x0800034c                OTG_FS_IRQHandler
                0x0800034c                SPI3_IRQHandler
                0x0800034c                I2C1_ER_IRQHandler
                0x0800034c                USBWakeUp_IRQHandler
                0x0800034c                DMA2_Channel3_IRQHandler
                0x0800034c                TIM1_BRK_TIM15_IRQHandler

.inits          0x08000350       0x28
                0x08000350                __data_regions_array_start = .
                0x08000350        0x4 LONG 0x8001f74 LOADADDR (.data)
                0x08000354        0x4 LONG 0x20000000 ADDR (.data)
                0x08000358        0x4 LONG 0x20000094 (ADDR (.data) + SIZEOF (.data))
                0x0800035c        0x4 LONG 0x8001f74 LOADADDR (.data_CCMRAM)
                0x08000360        0x4 LONG 0x0 ADDR (.data_CCMRAM)
                0x08000364        0x4 LONG 0x0 (ADDR (.data_CCMRAM) + SIZEOF (.data_CCMRAM))
                0x08000368                __data_regions_array_end = .
                0x08000368                __bss_regions_array_start = .
                0x08000368        0x4 LONG 0x20000094 ADDR (.bss)
                0x0800036c        0x4 LONG 0x200002f8 (ADDR (.bss) + SIZEOF (.bss))
                0x08000370        0x4 LONG 0x0 ADDR (.bss_CCMRAM)
                0x08000374        0x4 LONG 0x0 (ADDR (.bss_CCMRAM) + SIZEOF (.bss_CCMRAM))
                0x08000378                __bss_regions_array_end = .
 *(.init)
 *(.fini)
                0x08000378                . = ALIGN (0x4)
                0x08000378                PROVIDE (__preinit_array_start, .)
 *(.preinit_array_sysinit .preinit_array_sysinit.*)
 *(.preinit_array_platform .preinit_array_platform.*)
 *(.preinit_array .preinit_array.*)
                0x08000378                PROVIDE (__preinit_array_end, .)
                0x08000378                . = ALIGN (0x4)
                0x08000378                PROVIDE (__init_array_start, .)
 *(SORT(.init_array.*))
 *(.init_array)
                0x08000378                PROVIDE (__init_array_end, .)
                0x08000378                . = ALIGN (0x4)
                0x08000378                PROVIDE (__fini_array_start, .)
 *(SORT(.fini_array.*))
 *(.fini_array)
                0x08000378                PROVIDE (__fini_array_end, .)

.flashtext
 *(.flashtext .flashtext.*)

.text           0x08000378     0x1bf3
 *(.text .text.*)
 .text._exit    0x08000378        0x2 ./system/src/newlib/_exit.o
                0x08000378                _exit
 *fill*         0x0800037a        0x2 
 .text._sbrk    0x0800037c       0x44 ./system/src/newlib/_sbrk.o
                0x0800037c                _sbrk
 .text.__initialize_args
                0x080003c0       0x10 ./system/src/newlib/_syscalls.o
                0x080003c0                __initialize_args
 .text.trace_printf
                0x080003d0       0x30 ./system/src/diag/Trace.o
                0x080003d0                trace_printf
 .text._trace_write_semihosting_debug
                0x08000400       0x60 ./system/src/diag/trace_impl.o
 .text.trace_write
                0x08000460        0x8 ./system/src/diag/trace_impl.o
                0x08000460                trace_write
 .text.__initialize_hardware_early
                0x08000468       0x18 ./system/src/cortexm/_initialize_hardware.o
                0x08000468                __initialize_hardware_early
 .text.__initialize_hardware
                0x08000480        0x8 ./system/src/cortexm/_initialize_hardware.o
                0x08000480                __initialize_hardware
 .text.dumpExceptionStack
                0x08000488       0xf4 ./system/src/cortexm/exception_handlers.o
                0x08000488                dumpExceptionStack
 .text.isSemihosting
                0x0800057c       0x20 ./system/src/cortexm/exception_handlers.o
                0x0800057c                isSemihosting
 .text.SetSysClockTo72
                0x0800059c       0xc4 ./system/src/cmsis/system_stm32f10x.o
 .text.SetSysClock
                0x08000660        0x8 ./system/src/cmsis/system_stm32f10x.o
 .text.SystemInit
                0x08000668       0x50 ./system/src/cmsis/system_stm32f10x.o
                0x08000668                SystemInit
 .text.SystemCoreClockUpdate
                0x080006b8       0x94 ./system/src/cmsis/system_stm32f10x.o
                0x080006b8                SystemCoreClockUpdate
 .text.GPIO_u8SetConfiguration
                0x0800074c      0x1f0 ./src/GPIO_program.o
                0x0800074c                GPIO_u8SetConfiguration
 .text.GPIO_u8SetValue
                0x0800093c       0x6c ./src/GPIO_program.o
                0x0800093c                GPIO_u8SetValue
 .text.GPIO_u8getValue
                0x080009a8       0x60 ./src/GPIO_program.o
                0x080009a8                GPIO_u8getValue
 .text.LCD_WriteProcess
                0x08000a08       0xb0 ./src/HLCD.o
 .text.LCD_ClearProcess
                0x08000ab8       0xbc ./src/HLCD.o
 .text.LCD_InitProcess
                0x08000b74      0x248 ./src/HLCD.o
 .text.LCD_LCDTask
                0x08000dbc       0x30 ./src/HLCD.o
 .text.LCD_Init
                0x08000dec       0x58 ./src/HLCD.o
                0x08000dec                LCD_Init
 .text.LED_Init
                0x08000e44       0x48 ./src/HLED.o
                0x08000e44                LED_Init
 .text.HSwitch_Init
                0x08000e8c       0x10 ./src/HSwitch_program.o
                0x08000e8c                HSwitch_Init
 .text.RCC_u8GetClockSource
                0x08000e9c       0x18 ./src/RCC_program.o
                0x08000e9c                RCC_u8GetClockSource
 .text.RCC_u32GetSysClkValue
                0x08000eb4       0xcc ./src/RCC_program.o
                0x08000eb4                RCC_u32GetSysClkValue
 .text.SYSTICK_Init
                0x08000f80       0x14 ./src/SYSTICK.o
                0x08000f80                SYSTICK_Init
 .text.SYSTICK_Start
                0x08000f94       0x14 ./src/SYSTICK.o
                0x08000f94                SYSTICK_Start
 .text.SYSTICK_SetCallback
                0x08000fa8       0x14 ./src/SYSTICK.o
                0x08000fa8                SYSTICK_SetCallback
 .text.SYSTICK_SetTime
                0x08000fbc       0x54 ./src/SYSTICK.o
                0x08000fbc                SYSTICK_SetTime
 .text.SysTick_Handler
                0x08001010       0x14 ./src/SYSTICK.o
                0x08001010                SysTick_Handler
 .text.Sched_SetOSFlag
                0x08001024       0x10 ./src/Sched.o
 .text.Sched    0x08001034       0x60 ./src/Sched.o
 .text.Sched_Init
                0x08001094       0x68 ./src/Sched.o
                0x08001094                Sched_Init
 .text.Sched_Start
                0x080010fc       0x20 ./src/Sched.o
                0x080010fc                Sched_Start
 .text.USART1_IRQHandler
                0x0800111c       0x94 ./src/UART_program.o
                0x0800111c                USART1_IRQHandler
 .text.main     0x080011b0       0x18 ./src/main.o
                0x080011b0                main
 .text          0x080011c8       0x30 f:/mina/embeded_systems/es_iti_intake_40/es_turkey comp. arch/materials/arm tools iti/arm gcc/bin/../lib/gcc/arm-none-eabi/5.4.1/armv7-m\libgcc.a(_aeabi_uldivmod.o)
                0x080011c8                __aeabi_uldivmod
 .text          0x080011f8      0x2ec f:/mina/embeded_systems/es_iti_intake_40/es_turkey comp. arch/materials/arm tools iti/arm gcc/bin/../lib/gcc/arm-none-eabi/5.4.1/armv7-m\libgcc.a(_udivmoddi4.o)
                0x080011f8                __udivmoddi4
 .text          0x080014e4        0x4 f:/mina/embeded_systems/es_iti_intake_40/es_turkey comp. arch/materials/arm tools iti/arm gcc/bin/../lib/gcc/arm-none-eabi/5.4.1/armv7-m\libgcc.a(_dvmd_tls.o)
                0x080014e4                __aeabi_idiv0
                0x080014e4                __aeabi_ldiv0
 .text.__errno  0x080014e8        0xc f:/mina/embeded_systems/es_iti_intake_40/es_turkey comp. arch/materials/arm tools iti/arm gcc/bin/../lib/gcc/arm-none-eabi/5.4.1/../../../../arm-none-eabi/lib/armv7-m\libg_nano.a(lib_a-errno.o)
                0x080014e8                __errno
 .text._vsnprintf_r
                0x080014f4       0x56 f:/mina/embeded_systems/es_iti_intake_40/es_turkey comp. arch/materials/arm tools iti/arm gcc/bin/../lib/gcc/arm-none-eabi/5.4.1/../../../../arm-none-eabi/lib/armv7-m\libg_nano.a(lib_a-vsnprintf.o)
                0x080014f4                _vsniprintf_r
                0x080014f4                _vsnprintf_r
 *fill*         0x0800154a        0x2 
 .text.vsnprintf
                0x0800154c       0x1c f:/mina/embeded_systems/es_iti_intake_40/es_turkey comp. arch/materials/arm tools iti/arm gcc/bin/../lib/gcc/arm-none-eabi/5.4.1/../../../../arm-none-eabi/lib/armv7-m\libg_nano.a(lib_a-vsnprintf.o)
                0x0800154c                vsniprintf
                0x0800154c                vsnprintf
 .text.__ssputs_r
                0x08001568       0xb2 f:/mina/embeded_systems/es_iti_intake_40/es_turkey comp. arch/materials/arm tools iti/arm gcc/bin/../lib/gcc/arm-none-eabi/5.4.1/../../../../arm-none-eabi/lib/armv7-m\libg_nano.a(lib_a-nano-svfprintf.o)
                0x08001568                __ssputs_r
 *fill*         0x0800161a        0x2 
 .text._svfprintf_r
                0x0800161c      0x1e8 f:/mina/embeded_systems/es_iti_intake_40/es_turkey comp. arch/materials/arm tools iti/arm gcc/bin/../lib/gcc/arm-none-eabi/5.4.1/../../../../arm-none-eabi/lib/armv7-m\libg_nano.a(lib_a-nano-svfprintf.o)
                0x0800161c                _svfiprintf_r
                0x0800161c                _svfprintf_r
 .text._printf_common
                0x08001804       0xec f:/mina/embeded_systems/es_iti_intake_40/es_turkey comp. arch/materials/arm tools iti/arm gcc/bin/../lib/gcc/arm-none-eabi/5.4.1/../../../../arm-none-eabi/lib/armv7-m\libg_nano.a(lib_a-nano-vfprintf_i.o)
                0x08001804                _printf_common
 .text._printf_i
                0x080018f0      0x24c f:/mina/embeded_systems/es_iti_intake_40/es_turkey comp. arch/materials/arm tools iti/arm gcc/bin/../lib/gcc/arm-none-eabi/5.4.1/../../../../arm-none-eabi/lib/armv7-m\libg_nano.a(lib_a-nano-vfprintf_i.o)
                0x080018f0                _printf_i
 .text.memchr   0x08001b3c       0x1c f:/mina/embeded_systems/es_iti_intake_40/es_turkey comp. arch/materials/arm tools iti/arm gcc/bin/../lib/gcc/arm-none-eabi/5.4.1/../../../../arm-none-eabi/lib/armv7-m\libg_nano.a(lib_a-memchr-stub.o)
                0x08001b3c                memchr
 .text.memcpy   0x08001b58       0x16 f:/mina/embeded_systems/es_iti_intake_40/es_turkey comp. arch/materials/arm tools iti/arm gcc/bin/../lib/gcc/arm-none-eabi/5.4.1/../../../../arm-none-eabi/lib/armv7-m\libg_nano.a(lib_a-memcpy-stub.o)
                0x08001b58                memcpy
 .text.memmove  0x08001b6e       0x36 f:/mina/embeded_systems/es_iti_intake_40/es_turkey comp. arch/materials/arm tools iti/arm gcc/bin/../lib/gcc/arm-none-eabi/5.4.1/../../../../arm-none-eabi/lib/armv7-m\libg_nano.a(lib_a-memmove.o)
                0x08001b6e                memmove
 .text._free_r  0x08001ba4       0x98 f:/mina/embeded_systems/es_iti_intake_40/es_turkey comp. arch/materials/arm tools iti/arm gcc/bin/../lib/gcc/arm-none-eabi/5.4.1/../../../../arm-none-eabi/lib/armv7-m\libg_nano.a(lib_a-nano-freer.o)
                0x08001ba4                _free_r
 .text._malloc_r
                0x08001c3c       0xbc f:/mina/embeded_systems/es_iti_intake_40/es_turkey comp. arch/materials/arm tools iti/arm gcc/bin/../lib/gcc/arm-none-eabi/5.4.1/../../../../arm-none-eabi/lib/armv7-m\libg_nano.a(lib_a-nano-mallocr.o)
                0x08001c3c                _malloc_r
 .text._realloc_r
                0x08001cf8       0x4c f:/mina/embeded_systems/es_iti_intake_40/es_turkey comp. arch/materials/arm tools iti/arm gcc/bin/../lib/gcc/arm-none-eabi/5.4.1/../../../../arm-none-eabi/lib/armv7-m\libg_nano.a(lib_a-nano-reallocr.o)
                0x08001cf8                _realloc_r
 .text._sbrk_r  0x08001d44       0x20 f:/mina/embeded_systems/es_iti_intake_40/es_turkey comp. arch/materials/arm tools iti/arm gcc/bin/../lib/gcc/arm-none-eabi/5.4.1/../../../../arm-none-eabi/lib/armv7-m\libg_nano.a(lib_a-sbrkr.o)
                0x08001d44                _sbrk_r
 .text.__malloc_lock
                0x08001d64        0x2 f:/mina/embeded_systems/es_iti_intake_40/es_turkey comp. arch/materials/arm tools iti/arm gcc/bin/../lib/gcc/arm-none-eabi/5.4.1/../../../../arm-none-eabi/lib/armv7-m\libg_nano.a(lib_a-mlock.o)
                0x08001d64                __malloc_lock
 .text.__malloc_unlock
                0x08001d66        0x2 f:/mina/embeded_systems/es_iti_intake_40/es_turkey comp. arch/materials/arm tools iti/arm gcc/bin/../lib/gcc/arm-none-eabi/5.4.1/../../../../arm-none-eabi/lib/armv7-m\libg_nano.a(lib_a-mlock.o)
                0x08001d66                __malloc_unlock
 .text._malloc_usable_size_r
                0x08001d68       0x14 f:/mina/embeded_systems/es_iti_intake_40/es_turkey comp. arch/materials/arm tools iti/arm gcc/bin/../lib/gcc/arm-none-eabi/5.4.1/../../../../arm-none-eabi/lib/armv7-m\libg_nano.a(lib_a-nano-msizer.o)
                0x08001d68                _malloc_usable_size_r
 *(.rodata .rodata.* .constdata .constdata.*)
 .rodata.dumpExceptionStack.str1.4
                0x08001d7c      0x11a ./system/src/cortexm/exception_handlers.o
 *fill*         0x08001e96        0x2 
 .rodata.str1.4
                0x08001e98       0x2c ./system/src/cortexm/exception_handlers.o
                                 0x2a (size before relaxing)
 .rodata.LCDPins
                0x08001ec4       0x58 ./src/HLCD_config.o
                0x08001ec4                LCDPins
 .rodata.Switchmap
                0x08001f1c        0xc ./src/HSwitch_Config.o
                0x08001f1c                Switchmap
 .rodata.SysTask_info
                0x08001f28       0x10 ./src/Sched_config.o
                0x08001f28                SysTask_info
 .rodata.str1.1
                0x08001f38       0x11 f:/mina/embeded_systems/es_iti_intake_40/es_turkey comp. arch/materials/arm tools iti/arm gcc/bin/../lib/gcc/arm-none-eabi/5.4.1/../../../../arm-none-eabi/lib/armv7-m\libg_nano.a(lib_a-nano-svfprintf.o)
 .rodata.str1.1
                0x08001f49       0x22 f:/mina/embeded_systems/es_iti_intake_40/es_turkey comp. arch/materials/arm tools iti/arm gcc/bin/../lib/gcc/arm-none-eabi/5.4.1/../../../../arm-none-eabi/lib/armv7-m\libg_nano.a(lib_a-nano-vfprintf_i.o)
 *(vtable)
 *(.eh_frame*)
 *(.glue_7)
 .glue_7        0x08001f6b        0x0 linker stubs
 *(.glue_7t)
 .glue_7t       0x08001f6b        0x0 linker stubs

.vfp11_veneer   0x08001f6c        0x0
 .vfp11_veneer  0x08001f6c        0x0 linker stubs

.v4_bx          0x08001f6c        0x0
 .v4_bx         0x08001f6c        0x0 linker stubs

.iplt           0x08001f6c        0x0
 .iplt          0x08001f6c        0x0 ./system/src/stm32f1-stdperiph/misc.o

.ARM.extab
 *(.ARM.extab* .gnu.linkonce.armextab.*)
                0x08001f6c                . = ALIGN (0x4)
                0x08001f6c                __exidx_start = .

.ARM.exidx      0x08001f6c        0x8
 *(.ARM.exidx* .gnu.linkonce.armexidx.*)
 .ARM.exidx     0x08001f6c        0x8 f:/mina/embeded_systems/es_iti_intake_40/es_turkey comp. arch/materials/arm tools iti/arm gcc/bin/../lib/gcc/arm-none-eabi/5.4.1/armv7-m\libgcc.a(_udivmoddi4.o)
                0x08001f74                __exidx_end = .

.rel.dyn        0x08001f74        0x0
 .rel.iplt      0x08001f74        0x0 ./system/src/stm32f1-stdperiph/misc.o
                0x08001f74                . = ALIGN (0x4)
                0x08001f74                _etext = .
                0x08001f74                __etext = .

.data_CCMRAM    0x00000000        0x0 load address 0x08001f74
 FILL mask 0xff
 *(.data.CCMRAM .data.CCMRAM.*)
                0x00000000                . = ALIGN (0x4)
                0x08001f74                _sidata = LOADADDR (.data)

.data           0x20000000       0x94 load address 0x08001f74
 FILL mask 0xff
                0x20000000                _sdata = .
                0x20000000                __data_start__ = .
 *(.data_begin .data_begin.*)
 .data_begin    0x20000000        0x4 ./system/src/newlib/_startup.o
 *(.data .data.*)
 .data.argv.4310
                0x20000004        0x8 ./system/src/newlib/_syscalls.o
 .data.AHBPrescTable
                0x2000000c       0x10 ./system/src/cmsis/system_stm32f10x.o
                0x2000000c                AHBPrescTable
 .data.SystemCoreClock
                0x2000001c        0x4 ./system/src/cmsis/system_stm32f10x.o
                0x2000001c                SystemCoreClock
 .data.ptr1     0x20000020        0x4 ./src/HLED.o
                0x20000020                ptr1
 .data.ptr2     0x20000024        0x4 ./src/HLED.o
                0x20000024                ptr2
 .data.ptr      0x20000028        0x4 ./src/HSwitch_Config.o
                0x20000028                ptr
 .data.impure_data
                0x2000002c       0x60 f:/mina/embeded_systems/es_iti_intake_40/es_turkey comp. arch/materials/arm tools iti/arm gcc/bin/../lib/gcc/arm-none-eabi/5.4.1/../../../../arm-none-eabi/lib/armv7-m\libg_nano.a(lib_a-impure.o)
 .data._impure_ptr
                0x2000008c        0x4 f:/mina/embeded_systems/es_iti_intake_40/es_turkey comp. arch/materials/arm tools iti/arm gcc/bin/../lib/gcc/arm-none-eabi/5.4.1/../../../../arm-none-eabi/lib/armv7-m\libg_nano.a(lib_a-impure.o)
                0x2000008c                _impure_ptr
 *(.data_end .data_end.*)
 .data_end      0x20000090        0x4 ./system/src/newlib/_startup.o
                0x20000094                . = ALIGN (0x4)
                0x20000094                _edata = .
                0x20000094                __data_end__ = .

.igot.plt       0x20000094        0x0 load address 0x08002008
 .igot.plt      0x20000094        0x0 ./system/src/stm32f1-stdperiph/misc.o

.bss_CCMRAM     0x00000000        0x0
 *(.bss.CCMRAM .bss.CCMRAM.*)

.bss            0x20000094      0x264
                0x20000094                __bss_start__ = .
                0x20000094                _sbss = .
 *(.bss_begin .bss_begin.*)
 .bss_begin     0x20000094        0x4 ./system/src/newlib/_startup.o
 *(.bss .bss.*)
 .bss.current_heap_end.3961
                0x20000098        0x4 ./system/src/newlib/_sbrk.o
 .bss.name.4309
                0x2000009c        0x1 ./system/src/newlib/_syscalls.o
 *fill*         0x2000009d        0x3 
 .bss.buf.5205  0x200000a0       0x80 ./system/src/diag/Trace.o
 .bss.InitComplete
                0x20000120        0x1 ./src/HLCD.o
 .bss.Current_state.3840
                0x20000121        0x1 ./src/HLCD.o
 .bss.counter.3841
                0x20000122        0x1 ./src/HLCD.o
 .bss.CurrChar.3853
                0x20000123        0x1 ./src/HLCD.o
 .bss.CurrentProcess
                0x20000124        0x1 ./src/HLCD.o
                0x20000124                CurrentProcess
 *fill*         0x20000125        0x3 
 .bss.Lcd_Data  0x20000128       0xff ./src/HLCD.o
 .bss.Lcd_Length
                0x20000227        0x1 ./src/HLCD.o
 .bss.rxBuffer  0x20000228        0xc ./src/UART_program.o
 .bss.appTxNotify
                0x20000234        0x4 ./src/UART_program.o
 .bss.txBuffer  0x20000238        0xc ./src/UART_program.o
 .bss.__malloc_sbrk_start
                0x20000244        0x4 f:/mina/embeded_systems/es_iti_intake_40/es_turkey comp. arch/materials/arm tools iti/arm gcc/bin/../lib/gcc/arm-none-eabi/5.4.1/../../../../arm-none-eabi/lib/armv7-m\libg_nano.a(lib_a-nano-mallocr.o)
                0x20000244                __malloc_sbrk_start
 .bss.__malloc_free_list
                0x20000248        0x4 f:/mina/embeded_systems/es_iti_intake_40/es_turkey comp. arch/materials/arm tools iti/arm gcc/bin/../lib/gcc/arm-none-eabi/5.4.1/../../../../arm-none-eabi/lib/armv7-m\libg_nano.a(lib_a-nano-mallocr.o)
                0x20000248                __malloc_free_list
 *(COMMON)
 COMMON         0x2000024c        0x4 ./system/src/newlib/_syscalls.o
                0x2000024c                errno
 COMMON         0x20000250        0x8 ./src/HLCD.o
                0x20000250                LCDTask
 COMMON         0x20000258       0x46 ./src/HLED.o
                0x20000258                Gpio
                0x20000280                Led
 *fill*         0x2000029e        0x2 
 COMMON         0x200002a0        0x4 ./src/SYSTICK.o
                0x200002a0                APPcbf
 COMMON         0x200002a4       0x28 ./src/Sched.o
                0x200002a4                idx
                0x200002a8                SysTask
                0x200002c8                OSFlag
 COMMON         0x200002cc       0x28 ./src/main.o
                0x200002cc                RxFrame
                0x200002d0                TxFrame
                0x200002d4                task4
                0x200002dc                task1
                0x200002e4                task2
                0x200002ec                task3
 *(.bss_end .bss_end.*)
 .bss_end       0x200002f4        0x4 ./system/src/newlib/_startup.o
                0x200002f8                . = ALIGN (0x4)
                0x200002f8                __bss_end__ = .
                0x200002f8                _ebss = .

.noinit_CCMRAM
 *(.noinit.CCMRAM .noinit.CCMRAM.*)

.noinit         0x200002f8        0x0
                0x200002f8                _noinit = .
 *(.noinit .noinit.*)
                0x200002f8                . = ALIGN (0x4)
                0x200002f8                _end_noinit = .
                [!provide]                PROVIDE (end, _end_noinit)
                [!provide]                PROVIDE (_end, _end_noinit)
                [!provide]                PROVIDE (__end, _end_noinit)
                [!provide]                PROVIDE (__end__, _end_noinit)

._check_stack   0x200002f8      0x100
                0x200003f8                . = (. + _Minimum_Stack_Size)
 *fill*         0x200002f8      0x100 

.b1text
 *(.b1text)
 *(.b1rodata)
 *(.b1rodata.*)

.eb0text
 *(.eb0text)
 *(.eb0rodata)
 *(.eb0rodata.*)

.eb1text
 *(.eb1text)
 *(.eb1rodata)
 *(.eb1rodata.*)

.eb2text
 *(.eb2text)
 *(.eb2rodata)
 *(.eb2rodata.*)

.eb3text
 *(.eb3text)
 *(.eb3rodata)
 *(.eb3rodata.*)

.stab
 *(.stab)

.stabstr
 *(.stabstr)

.stab.excl
 *(.stab.excl)

.stab.exclstr
 *(.stab.exclstr)

.stab.index
 *(.stab.index)

.stab.indexstr
 *(.stab.indexstr)

.comment        0x00000000       0xec
 *(.comment)
 .comment       0x00000000       0x7e ./system/src/newlib/_exit.o
                                 0x7f (size before relaxing)
 .comment       0x0000007e       0x7f ./system/src/newlib/_sbrk.o
 .comment       0x0000007e       0x7f ./system/src/newlib/_startup.o
 .comment       0x0000007e       0x7f ./system/src/newlib/_syscalls.o
 .comment       0x0000007e       0x7f ./system/src/diag/Trace.o
 .comment       0x0000007e       0x7f ./system/src/diag/trace_impl.o
 .comment       0x0000007e       0x7f ./system/src/cortexm/_initialize_hardware.o
 .comment       0x0000007e       0x7f ./system/src/cortexm/exception_handlers.o
 .comment       0x0000007e       0x7f ./system/src/cmsis/system_stm32f10x.o
 .comment       0x0000007e       0x7f ./system/src/cmsis/vectors_stm32f10x.o
 .comment       0x0000007e       0x6e ./src/GPIO_program.o
                                 0x6f (size before relaxing)
 .comment       0x000000ec       0x6f ./src/HLCD.o
 .comment       0x000000ec       0x6f ./src/HLCD_config.o
 .comment       0x000000ec       0x6f ./src/HLED.o
 .comment       0x000000ec       0x6f ./src/HSwitch_Config.o
 .comment       0x000000ec       0x6f ./src/HSwitch_program.o
 .comment       0x000000ec       0x6f ./src/RCC_program.o
 .comment       0x000000ec       0x6f ./src/SYSTICK.o
 .comment       0x000000ec       0x6f ./src/Sched.o
 .comment       0x000000ec       0x6f ./src/Sched_config.o
 .comment       0x000000ec       0x6f ./src/UART_program.o
 .comment       0x000000ec       0x6f ./src/main.o

.ARM.attributes
                0x00000000       0x31
 .ARM.attributes
                0x00000000       0x33 ./system/src/newlib/_exit.o
 .ARM.attributes
                0x00000033       0x33 ./system/src/newlib/_sbrk.o
 .ARM.attributes
                0x00000066       0x33 ./system/src/newlib/_startup.o
 .ARM.attributes
                0x00000099       0x33 ./system/src/newlib/_syscalls.o
 .ARM.attributes
                0x000000cc       0x33 ./system/src/diag/Trace.o
 .ARM.attributes
                0x000000ff       0x33 ./system/src/diag/trace_impl.o
 .ARM.attributes
                0x00000132       0x33 ./system/src/cortexm/_initialize_hardware.o
 .ARM.attributes
                0x00000165       0x33 ./system/src/cortexm/exception_handlers.o
 .ARM.attributes
                0x00000198       0x33 ./system/src/cmsis/system_stm32f10x.o
 .ARM.attributes
                0x000001cb       0x33 ./system/src/cmsis/vectors_stm32f10x.o
 .ARM.attributes
                0x000001fe       0x33 ./src/GPIO_program.o
 .ARM.attributes
                0x00000231       0x33 ./src/HLCD.o
 .ARM.attributes
                0x00000264       0x33 ./src/HLCD_config.o
 .ARM.attributes
                0x00000297       0x33 ./src/HLED.o
 .ARM.attributes
                0x000002ca       0x33 ./src/HSwitch_Config.o
 .ARM.attributes
                0x000002fd       0x33 ./src/HSwitch_program.o
 .ARM.attributes
                0x00000330       0x33 ./src/RCC_program.o
 .ARM.attributes
                0x00000363       0x33 ./src/SYSTICK.o
 .ARM.attributes
                0x00000396       0x33 ./src/Sched.o
 .ARM.attributes
                0x000003c9       0x33 ./src/Sched_config.o
 .ARM.attributes
                0x000003fc       0x33 ./src/UART_program.o
 .ARM.attributes
                0x0000042f       0x33 ./src/main.o
 .ARM.attributes
                0x00000462       0x1d f:/mina/embeded_systems/es_iti_intake_40/es_turkey comp. arch/materials/arm tools iti/arm gcc/bin/../lib/gcc/arm-none-eabi/5.4.1/armv7-m\libgcc.a(_aeabi_uldivmod.o)
 .ARM.attributes
                0x0000047f       0x2d f:/mina/embeded_systems/es_iti_intake_40/es_turkey comp. arch/materials/arm tools iti/arm gcc/bin/../lib/gcc/arm-none-eabi/5.4.1/armv7-m\libgcc.a(_udivmoddi4.o)
 .ARM.attributes
                0x000004ac       0x1d f:/mina/embeded_systems/es_iti_intake_40/es_turkey comp. arch/materials/arm tools iti/arm gcc/bin/../lib/gcc/arm-none-eabi/5.4.1/armv7-m\libgcc.a(_dvmd_tls.o)
 .ARM.attributes
                0x000004c9       0x2d f:/mina/embeded_systems/es_iti_intake_40/es_turkey comp. arch/materials/arm tools iti/arm gcc/bin/../lib/gcc/arm-none-eabi/5.4.1/../../../../arm-none-eabi/lib/armv7-m\libg_nano.a(lib_a-errno.o)
 .ARM.attributes
                0x000004f6       0x2d f:/mina/embeded_systems/es_iti_intake_40/es_turkey comp. arch/materials/arm tools iti/arm gcc/bin/../lib/gcc/arm-none-eabi/5.4.1/../../../../arm-none-eabi/lib/armv7-m\libg_nano.a(lib_a-impure.o)
 .ARM.attributes
                0x00000523       0x2d f:/mina/embeded_systems/es_iti_intake_40/es_turkey comp. arch/materials/arm tools iti/arm gcc/bin/../lib/gcc/arm-none-eabi/5.4.1/../../../../arm-none-eabi/lib/armv7-m\libg_nano.a(lib_a-vsnprintf.o)
 .ARM.attributes
                0x00000550       0x2d f:/mina/embeded_systems/es_iti_intake_40/es_turkey comp. arch/materials/arm tools iti/arm gcc/bin/../lib/gcc/arm-none-eabi/5.4.1/../../../../arm-none-eabi/lib/armv7-m\libg_nano.a(lib_a-nano-svfprintf.o)
 .ARM.attributes
                0x0000057d       0x2d f:/mina/embeded_systems/es_iti_intake_40/es_turkey comp. arch/materials/arm tools iti/arm gcc/bin/../lib/gcc/arm-none-eabi/5.4.1/../../../../arm-none-eabi/lib/armv7-m\libg_nano.a(lib_a-nano-vfprintf_i.o)
 .ARM.attributes
                0x000005aa       0x2d f:/mina/embeded_systems/es_iti_intake_40/es_turkey comp. arch/materials/arm tools iti/arm gcc/bin/../lib/gcc/arm-none-eabi/5.4.1/../../../../arm-none-eabi/lib/armv7-m\libg_nano.a(lib_a-memchr-stub.o)
 .ARM.attributes
                0x000005d7       0x2d f:/mina/embeded_systems/es_iti_intake_40/es_turkey comp. arch/materials/arm tools iti/arm gcc/bin/../lib/gcc/arm-none-eabi/5.4.1/../../../../arm-none-eabi/lib/armv7-m\libg_nano.a(lib_a-memcpy-stub.o)
 .ARM.attributes
                0x00000604       0x2d f:/mina/embeded_systems/es_iti_intake_40/es_turkey comp. arch/materials/arm tools iti/arm gcc/bin/../lib/gcc/arm-none-eabi/5.4.1/../../../../arm-none-eabi/lib/armv7-m\libg_nano.a(lib_a-memmove.o)
 .ARM.attributes
                0x00000631       0x2d f:/mina/embeded_systems/es_iti_intake_40/es_turkey comp. arch/materials/arm tools iti/arm gcc/bin/../lib/gcc/arm-none-eabi/5.4.1/../../../../arm-none-eabi/lib/armv7-m\libg_nano.a(lib_a-nano-freer.o)
 .ARM.attributes
                0x0000065e       0x2d f:/mina/embeded_systems/es_iti_intake_40/es_turkey comp. arch/materials/arm tools iti/arm gcc/bin/../lib/gcc/arm-none-eabi/5.4.1/../../../../arm-none-eabi/lib/armv7-m\libg_nano.a(lib_a-nano-mallocr.o)
 .ARM.attributes
                0x0000068b       0x2d f:/mina/embeded_systems/es_iti_intake_40/es_turkey comp. arch/materials/arm tools iti/arm gcc/bin/../lib/gcc/arm-none-eabi/5.4.1/../../../../arm-none-eabi/lib/armv7-m\libg_nano.a(lib_a-nano-reallocr.o)
 .ARM.attributes
                0x000006b8       0x2d f:/mina/embeded_systems/es_iti_intake_40/es_turkey comp. arch/materials/arm tools iti/arm gcc/bin/../lib/gcc/arm-none-eabi/5.4.1/../../../../arm-none-eabi/lib/armv7-m\libg_nano.a(lib_a-sbrkr.o)
 .ARM.attributes
                0x000006e5       0x2d f:/mina/embeded_systems/es_iti_intake_40/es_turkey comp. arch/materials/arm tools iti/arm gcc/bin/../lib/gcc/arm-none-eabi/5.4.1/../../../../arm-none-eabi/lib/armv7-m\libg_nano.a(lib_a-mlock.o)
 .ARM.attributes
                0x00000712       0x2d f:/mina/embeded_systems/es_iti_intake_40/es_turkey comp. arch/materials/arm tools iti/arm gcc/bin/../lib/gcc/arm-none-eabi/5.4.1/../../../../arm-none-eabi/lib/armv7-m\libg_nano.a(lib_a-nano-msizer.o)

.debug
 *(.debug)

.line
 *(.line)

.debug_srcinfo
 *(.debug_srcinfo)

.debug_sfnames
 *(.debug_sfnames)

.debug_aranges  0x00000000      0x4a8
 *(.debug_aranges)
 .debug_aranges
                0x00000000       0x28 ./system/src/newlib/_exit.o
 .debug_aranges
                0x00000028       0x20 ./system/src/newlib/_sbrk.o
 .debug_aranges
                0x00000048       0x40 ./system/src/newlib/_startup.o
 .debug_aranges
                0x00000088       0x30 ./system/src/newlib/_syscalls.o
 .debug_aranges
                0x000000b8       0x38 ./system/src/diag/Trace.o
 .debug_aranges
                0x000000f0       0x30 ./system/src/diag/trace_impl.o
 .debug_aranges
                0x00000120       0x28 ./system/src/cortexm/_initialize_hardware.o
 .debug_aranges
                0x00000148       0x90 ./system/src/cortexm/exception_handlers.o
 .debug_aranges
                0x000001d8       0x38 ./system/src/cmsis/system_stm32f10x.o
 .debug_aranges
                0x00000210       0x20 ./system/src/cmsis/vectors_stm32f10x.o
 .debug_aranges
                0x00000230       0x30 ./src/GPIO_program.o
 .debug_aranges
                0x00000260       0x50 ./src/HLCD.o
 .debug_aranges
                0x000002b0       0x18 ./src/HLCD_config.o
 .debug_aranges
                0x000002c8       0x28 ./src/HLED.o
 .debug_aranges
                0x000002f0       0x18 ./src/HSwitch_Config.o
 .debug_aranges
                0x00000308       0x30 ./src/HSwitch_program.o
 .debug_aranges
                0x00000338       0x60 ./src/RCC_program.o
 .debug_aranges
                0x00000398       0x48 ./src/SYSTICK.o
 .debug_aranges
                0x000003e0       0x40 ./src/Sched.o
 .debug_aranges
                0x00000420       0x18 ./src/Sched_config.o
 .debug_aranges
                0x00000438       0x50 ./src/UART_program.o
 .debug_aranges
                0x00000488       0x20 ./src/main.o

.debug_pubnames
 *(.debug_pubnames)

.debug_info     0x00000000     0x6c00
 *(.debug_info .gnu.linkonce.wi.*)
 .debug_info    0x00000000      0x956 ./system/src/newlib/_exit.o
 .debug_info    0x00000956      0x942 ./system/src/newlib/_sbrk.o
 .debug_info    0x00001298      0x42e ./system/src/newlib/_startup.o
 .debug_info    0x000016c6      0xa19 ./system/src/newlib/_syscalls.o
 .debug_info    0x000020df      0xb2a ./system/src/diag/Trace.o
 .debug_info    0x00002c09      0x363 ./system/src/diag/trace_impl.o
 .debug_info    0x00002f6c      0x2b5 ./system/src/cortexm/_initialize_hardware.o
 .debug_info    0x00003221     0x1140 ./system/src/cortexm/exception_handlers.o
 .debug_info    0x00004361      0x494 ./system/src/cmsis/system_stm32f10x.o
 .debug_info    0x000047f5       0xca ./system/src/cmsis/vectors_stm32f10x.o
 .debug_info    0x000048bf      0x2d5 ./src/GPIO_program.o
 .debug_info    0x00004b94      0x9e0 ./src/HLCD.o
 .debug_info    0x00005574      0x18c ./src/HLCD_config.o
 .debug_info    0x00005700      0x2a4 ./src/HLED.o
 .debug_info    0x000059a4      0x176 ./src/HSwitch_Config.o
 .debug_info    0x00005b1a      0x227 ./src/HSwitch_program.o
 .debug_info    0x00005d41      0x492 ./src/RCC_program.o
 .debug_info    0x000061d3      0x167 ./src/SYSTICK.o
 .debug_info    0x0000633a      0x2bf ./src/Sched.o
 .debug_info    0x000065f9      0x10f ./src/Sched_config.o
 .debug_info    0x00006708      0x326 ./src/UART_program.o
 .debug_info    0x00006a2e      0x1d2 ./src/main.o

.debug_abbrev   0x00000000     0x1f13
 *(.debug_abbrev)
 .debug_abbrev  0x00000000      0x1f3 ./system/src/newlib/_exit.o
 .debug_abbrev  0x000001f3      0x1fc ./system/src/newlib/_sbrk.o
 .debug_abbrev  0x000003ef      0x1b3 ./system/src/newlib/_startup.o
 .debug_abbrev  0x000005a2      0x234 ./system/src/newlib/_syscalls.o
 .debug_abbrev  0x000007d6      0x276 ./system/src/diag/Trace.o
 .debug_abbrev  0x00000a4c      0x1e2 ./system/src/diag/trace_impl.o
 .debug_abbrev  0x00000c2e       0xea ./system/src/cortexm/_initialize_hardware.o
 .debug_abbrev  0x00000d18      0x32b ./system/src/cortexm/exception_handlers.o
 .debug_abbrev  0x00001043      0x177 ./system/src/cmsis/system_stm32f10x.o
 .debug_abbrev  0x000011ba       0x9d ./system/src/cmsis/vectors_stm32f10x.o
 .debug_abbrev  0x00001257       0xf8 ./src/GPIO_program.o
 .debug_abbrev  0x0000134f      0x1bb ./src/HLCD.o
 .debug_abbrev  0x0000150a       0x98 ./src/HLCD_config.o
 .debug_abbrev  0x000015a2      0x133 ./src/HLED.o
 .debug_abbrev  0x000016d5       0xa0 ./src/HSwitch_Config.o
 .debug_abbrev  0x00001775      0x134 ./src/HSwitch_program.o
 .debug_abbrev  0x000018a9      0x13b ./src/RCC_program.o
 .debug_abbrev  0x000019e4       0xf9 ./src/SYSTICK.o
 .debug_abbrev  0x00001add      0x1ad ./src/Sched.o
 .debug_abbrev  0x00001c8a       0x92 ./src/Sched_config.o
 .debug_abbrev  0x00001d1c      0x148 ./src/UART_program.o
 .debug_abbrev  0x00001e64       0xaf ./src/main.o

.debug_line     0x00000000     0x39f6
 *(.debug_line)
 .debug_line    0x00000000      0x3eb ./system/src/newlib/_exit.o
 .debug_line    0x000003eb      0x39f ./system/src/newlib/_sbrk.o
 .debug_line    0x0000078a      0x459 ./system/src/newlib/_startup.o
 .debug_line    0x00000be3      0x4dc ./system/src/newlib/_syscalls.o
 .debug_line    0x000010bf      0x467 ./system/src/diag/Trace.o
 .debug_line    0x00001526      0x6d4 ./system/src/diag/trace_impl.o
 .debug_line    0x00001bfa      0x39b ./system/src/cortexm/_initialize_hardware.o
 .debug_line    0x00001f95      0x796 ./system/src/cortexm/exception_handlers.o
 .debug_line    0x0000272b      0x40e ./system/src/cmsis/system_stm32f10x.o
 .debug_line    0x00002b39      0x127 ./system/src/cmsis/vectors_stm32f10x.o
 .debug_line    0x00002c60      0x166 ./src/GPIO_program.o
 .debug_line    0x00002dc6      0x1b6 ./src/HLCD.o
 .debug_line    0x00002f7c       0x74 ./src/HLCD_config.o
 .debug_line    0x00002ff0       0xf2 ./src/HLED.o
 .debug_line    0x000030e2       0xa1 ./src/HSwitch_Config.o
 .debug_line    0x00003183       0xee ./src/HSwitch_program.o
 .debug_line    0x00003271      0x29f ./src/RCC_program.o
 .debug_line    0x00003510       0xe1 ./src/SYSTICK.o
 .debug_line    0x000035f1      0x133 ./src/Sched.o
 .debug_line    0x00003724       0x6d ./src/Sched_config.o
 .debug_line    0x00003791      0x143 ./src/UART_program.o
 .debug_line    0x000038d4      0x122 ./src/main.o

.debug_frame    0x00000000      0xbe0
 *(.debug_frame)
 .debug_frame   0x00000000       0x38 ./system/src/newlib/_exit.o
 .debug_frame   0x00000038       0x28 ./system/src/newlib/_sbrk.o
 .debug_frame   0x00000060       0x7c ./system/src/newlib/_startup.o
 .debug_frame   0x000000dc       0x50 ./system/src/newlib/_syscalls.o
 .debug_frame   0x0000012c       0x94 ./system/src/diag/Trace.o
 .debug_frame   0x000001c0       0x64 ./system/src/diag/trace_impl.o
 .debug_frame   0x00000224       0x40 ./system/src/cortexm/_initialize_hardware.o
 .debug_frame   0x00000264      0x158 ./system/src/cortexm/exception_handlers.o
 .debug_frame   0x000003bc       0x6c ./system/src/cmsis/system_stm32f10x.o
 .debug_frame   0x00000428       0x20 ./system/src/cmsis/vectors_stm32f10x.o
 .debug_frame   0x00000448       0x54 ./src/GPIO_program.o
 .debug_frame   0x0000049c       0xd8 ./src/HLCD.o
 .debug_frame   0x00000574       0x44 ./src/HLED.o
 .debug_frame   0x000005b8       0x58 ./src/HSwitch_program.o
 .debug_frame   0x00000610       0xb8 ./src/RCC_program.o
 .debug_frame   0x000006c8       0x80 ./src/SYSTICK.o
 .debug_frame   0x00000748       0x7c ./src/Sched.o
 .debug_frame   0x000007c4       0xa4 ./src/UART_program.o
 .debug_frame   0x00000868       0x28 ./src/main.o
 .debug_frame   0x00000890       0x2c f:/mina/embeded_systems/es_iti_intake_40/es_turkey comp. arch/materials/arm tools iti/arm gcc/bin/../lib/gcc/arm-none-eabi/5.4.1/armv7-m\libgcc.a(_aeabi_uldivmod.o)
 .debug_frame   0x000008bc       0x38 f:/mina/embeded_systems/es_iti_intake_40/es_turkey comp. arch/materials/arm tools iti/arm gcc/bin/../lib/gcc/arm-none-eabi/5.4.1/armv7-m\libgcc.a(_udivmoddi4.o)
 .debug_frame   0x000008f4       0x20 f:/mina/embeded_systems/es_iti_intake_40/es_turkey comp. arch/materials/arm tools iti/arm gcc/bin/../lib/gcc/arm-none-eabi/5.4.1/../../../../arm-none-eabi/lib/armv7-m\libg_nano.a(lib_a-errno.o)
 .debug_frame   0x00000914       0x48 f:/mina/embeded_systems/es_iti_intake_40/es_turkey comp. arch/materials/arm tools iti/arm gcc/bin/../lib/gcc/arm-none-eabi/5.4.1/../../../../arm-none-eabi/lib/armv7-m\libg_nano.a(lib_a-vsnprintf.o)
 .debug_frame   0x0000095c       0x90 f:/mina/embeded_systems/es_iti_intake_40/es_turkey comp. arch/materials/arm tools iti/arm gcc/bin/../lib/gcc/arm-none-eabi/5.4.1/../../../../arm-none-eabi/lib/armv7-m\libg_nano.a(lib_a-nano-svfprintf.o)
 .debug_frame   0x000009ec       0x60 f:/mina/embeded_systems/es_iti_intake_40/es_turkey comp. arch/materials/arm tools iti/arm gcc/bin/../lib/gcc/arm-none-eabi/5.4.1/../../../../arm-none-eabi/lib/armv7-m\libg_nano.a(lib_a-nano-vfprintf_i.o)
 .debug_frame   0x00000a4c       0x28 f:/mina/embeded_systems/es_iti_intake_40/es_turkey comp. arch/materials/arm tools iti/arm gcc/bin/../lib/gcc/arm-none-eabi/5.4.1/../../../../arm-none-eabi/lib/armv7-m\libg_nano.a(lib_a-memchr-stub.o)
 .debug_frame   0x00000a74       0x28 f:/mina/embeded_systems/es_iti_intake_40/es_turkey comp. arch/materials/arm tools iti/arm gcc/bin/../lib/gcc/arm-none-eabi/5.4.1/../../../../arm-none-eabi/lib/armv7-m\libg_nano.a(lib_a-memcpy-stub.o)
 .debug_frame   0x00000a9c       0x28 f:/mina/embeded_systems/es_iti_intake_40/es_turkey comp. arch/materials/arm tools iti/arm gcc/bin/../lib/gcc/arm-none-eabi/5.4.1/../../../../arm-none-eabi/lib/armv7-m\libg_nano.a(lib_a-memmove.o)
 .debug_frame   0x00000ac4       0x38 f:/mina/embeded_systems/es_iti_intake_40/es_turkey comp. arch/materials/arm tools iti/arm gcc/bin/../lib/gcc/arm-none-eabi/5.4.1/../../../../arm-none-eabi/lib/armv7-m\libg_nano.a(lib_a-nano-freer.o)
 .debug_frame   0x00000afc       0x2c f:/mina/embeded_systems/es_iti_intake_40/es_turkey comp. arch/materials/arm tools iti/arm gcc/bin/../lib/gcc/arm-none-eabi/5.4.1/../../../../arm-none-eabi/lib/armv7-m\libg_nano.a(lib_a-nano-mallocr.o)
 .debug_frame   0x00000b28       0x3c f:/mina/embeded_systems/es_iti_intake_40/es_turkey comp. arch/materials/arm tools iti/arm gcc/bin/../lib/gcc/arm-none-eabi/5.4.1/../../../../arm-none-eabi/lib/armv7-m\libg_nano.a(lib_a-nano-reallocr.o)
 .debug_frame   0x00000b64       0x2c f:/mina/embeded_systems/es_iti_intake_40/es_turkey comp. arch/materials/arm tools iti/arm gcc/bin/../lib/gcc/arm-none-eabi/5.4.1/../../../../arm-none-eabi/lib/armv7-m\libg_nano.a(lib_a-sbrkr.o)
 .debug_frame   0x00000b90       0x30 f:/mina/embeded_systems/es_iti_intake_40/es_turkey comp. arch/materials/arm tools iti/arm gcc/bin/../lib/gcc/arm-none-eabi/5.4.1/../../../../arm-none-eabi/lib/armv7-m\libg_nano.a(lib_a-mlock.o)
 .debug_frame   0x00000bc0       0x20 f:/mina/embeded_systems/es_iti_intake_40/es_turkey comp. arch/materials/arm tools iti/arm gcc/bin/../lib/gcc/arm-none-eabi/5.4.1/../../../../arm-none-eabi/lib/armv7-m\libg_nano.a(lib_a-nano-msizer.o)

.debug_str      0x00000000    0x580c7
 *(.debug_str)
 .debug_str     0x00000000     0x7d16 ./system/src/newlib/_exit.o
                               0x7ee9 (size before relaxing)
 .debug_str     0x00007d16      0x4f5 ./system/src/newlib/_sbrk.o
                               0x729b (size before relaxing)
 .debug_str     0x0000820b      0xbbd ./system/src/newlib/_startup.o
                               0x69d6 (size before relaxing)
 .debug_str     0x00008dc8      0xe8b ./system/src/newlib/_syscalls.o
                               0x8176 (size before relaxing)
 .debug_str     0x00009c53      0x826 ./system/src/diag/Trace.o
                               0x8661 (size before relaxing)
 .debug_str     0x0000a479    0x4b2b9 ./system/src/diag/trace_impl.o
                              0x52a47 (size before relaxing)
 .debug_str     0x00055732       0xc4 ./system/src/cortexm/_initialize_hardware.o
                              0x4e838 (size before relaxing)
 .debug_str     0x000557f6      0x1a0 ./system/src/cortexm/exception_handlers.o
                              0x53c6c (size before relaxing)
 .debug_str     0x00055996      0x114 ./system/src/cmsis/system_stm32f10x.o
                              0x4e8d2 (size before relaxing)
 .debug_str     0x00055aaa       0x57 ./system/src/cmsis/vectors_stm32f10x.o
                               0x3877 (size before relaxing)
 .debug_str     0x00055b01      0x662 ./src/GPIO_program.o
                               0x2a31 (size before relaxing)
 .debug_str     0x00056163     0x10fc ./src/HLCD.o
                               0x39c1 (size before relaxing)
 .debug_str     0x0005725f       0x15 ./src/HLCD_config.o
                               0x29d8 (size before relaxing)
 .debug_str     0x00057274       0xd9 ./src/HLED.o
                               0x2a09 (size before relaxing)
 .debug_str     0x0005734d       0x8a ./src/HSwitch_Config.o
                               0x28cc (size before relaxing)
 .debug_str     0x000573d7       0x80 ./src/HSwitch_program.o
                               0x2939 (size before relaxing)
 .debug_str     0x00057457      0x236 ./src/RCC_program.o
                               0x371c (size before relaxing)
 .debug_str     0x0005768d      0x226 ./src/SYSTICK.o
                               0x2827 (size before relaxing)
 .debug_str     0x000578b3      0x109 ./src/Sched.o
                               0x3606 (size before relaxing)
 .debug_str     0x000579bc       0x22 ./src/Sched_config.o
                               0x2695 (size before relaxing)
 .debug_str     0x000579de      0x5ce ./src/UART_program.o
                               0x2bd8 (size before relaxing)
 .debug_str     0x00057fac      0x11b ./src/main.o
                               0x37d0 (size before relaxing)

.debug_loc      0x00000000     0x1c7c
 *(.debug_loc)
 .debug_loc     0x00000000       0x85 ./system/src/newlib/_sbrk.o
 .debug_loc     0x00000085      0x1a9 ./system/src/newlib/_startup.o
 .debug_loc     0x0000022e       0x63 ./system/src/newlib/_syscalls.o
 .debug_loc     0x00000291       0xf6 ./system/src/diag/Trace.o
 .debug_loc     0x00000387      0x121 ./system/src/diag/trace_impl.o
 .debug_loc     0x000004a8      0x291 ./system/src/cortexm/exception_handlers.o
 .debug_loc     0x00000739       0xdf ./system/src/cmsis/system_stm32f10x.o
 .debug_loc     0x00000818      0x510 ./src/GPIO_program.o
 .debug_loc     0x00000d28      0x13e ./src/HLCD.o
 .debug_loc     0x00000e66       0xf7 ./src/HLED.o
 .debug_loc     0x00000f5d       0x4b ./src/HSwitch_program.o
 .debug_loc     0x00000fa8      0xa48 ./src/RCC_program.o
 .debug_loc     0x000019f0       0xd3 ./src/SYSTICK.o
 .debug_loc     0x00001ac3       0x48 ./src/Sched.o
 .debug_loc     0x00001b0b      0x171 ./src/UART_program.o

.debug_macinfo
 *(.debug_macinfo)

.debug_weaknames
 *(.debug_weaknames)

.debug_funcnames
 *(.debug_funcnames)

.debug_typenames
 *(.debug_typenames)

.debug_varnames
 *(.debug_varnames)
OUTPUT(Project.elf elf32-littlearm)

.debug_ranges   0x00000000      0x3a8
 .debug_ranges  0x00000000       0x18 ./system/src/newlib/_exit.o
 .debug_ranges  0x00000018       0x10 ./system/src/newlib/_sbrk.o
 .debug_ranges  0x00000028       0x78 ./system/src/newlib/_startup.o
 .debug_ranges  0x000000a0       0x20 ./system/src/newlib/_syscalls.o
 .debug_ranges  0x000000c0       0x28 ./system/src/diag/Trace.o
 .debug_ranges  0x000000e8       0x50 ./system/src/diag/trace_impl.o
 .debug_ranges  0x00000138       0x18 ./system/src/cortexm/_initialize_hardware.o
 .debug_ranges  0x00000150       0x80 ./system/src/cortexm/exception_handlers.o
 .debug_ranges  0x000001d0       0x28 ./system/src/cmsis/system_stm32f10x.o
 .debug_ranges  0x000001f8       0x10 ./system/src/cmsis/vectors_stm32f10x.o
 .debug_ranges  0x00000208       0x20 ./src/GPIO_program.o
 .debug_ranges  0x00000228       0x40 ./src/HLCD.o
 .debug_ranges  0x00000268       0x18 ./src/HLED.o
 .debug_ranges  0x00000280       0x20 ./src/HSwitch_program.o
 .debug_ranges  0x000002a0       0x50 ./src/RCC_program.o
 .debug_ranges  0x000002f0       0x38 ./src/SYSTICK.o
 .debug_ranges  0x00000328       0x30 ./src/Sched.o
 .debug_ranges  0x00000358       0x40 ./src/UART_program.o
 .debug_ranges  0x00000398       0x10 ./src/main.o

.debug_macro    0x00000000     0x3a27
 .debug_macro   0x00000000      0x1b4 ./system/src/newlib/_exit.o
 .debug_macro   0x000001b4       0x9c ./system/src/newlib/_exit.o
 .debug_macro   0x00000250      0x10e ./system/src/newlib/_exit.o
 .debug_macro   0x0000035e       0x8d ./system/src/newlib/_exit.o
 .debug_macro   0x000003eb       0x43 ./system/src/newlib/_exit.o
 .debug_macro   0x0000042e      0x330 ./system/src/newlib/_exit.o
 .debug_macro   0x0000075e       0x35 ./system/src/newlib/_exit.o
 .debug_macro   0x00000793      0x169 ./system/src/newlib/_sbrk.o
 .debug_macro   0x000008fc      0x174 ./system/src/newlib/_sbrk.o
 .debug_macro   0x00000a70       0x10 ./system/src/newlib/_sbrk.o
 .debug_macro   0x00000a80      0x23b ./system/src/newlib/_sbrk.o
 .debug_macro   0x00000cbb      0x173 ./system/src/newlib/_startup.o
 .debug_macro   0x00000e2e      0x217 ./system/src/newlib/_syscalls.o
 .debug_macro   0x00001045       0x1c ./system/src/newlib/_syscalls.o
 .debug_macro   0x00001061       0x10 ./system/src/newlib/_syscalls.o
 .debug_macro   0x00001071       0x10 ./system/src/newlib/_syscalls.o
 .debug_macro   0x00001081       0x10 ./system/src/newlib/_syscalls.o
 .debug_macro   0x00001091       0x35 ./system/src/newlib/_syscalls.o
 .debug_macro   0x000010c6      0x122 ./system/src/newlib/_syscalls.o
 .debug_macro   0x000011e8       0x88 ./system/src/newlib/_syscalls.o
 .debug_macro   0x00001270       0x2b ./system/src/newlib/_syscalls.o
 .debug_macro   0x0000129b      0x118 ./system/src/newlib/_syscalls.o
 .debug_macro   0x000013b3      0x189 ./system/src/newlib/_syscalls.o
 .debug_macro   0x0000153c       0x16 ./system/src/newlib/_syscalls.o
 .debug_macro   0x00001552      0x1fb ./system/src/diag/Trace.o
 .debug_macro   0x0000174d       0x16 ./system/src/diag/Trace.o
 .debug_macro   0x00001763       0x97 ./system/src/diag/Trace.o
 .debug_macro   0x000017fa       0xfd ./system/src/diag/Trace.o
 .debug_macro   0x000018f7       0x10 ./system/src/diag/Trace.o
 .debug_macro   0x00001907       0x16 ./system/src/diag/Trace.o
 .debug_macro   0x0000191d      0x16f ./system/src/diag/Trace.o
 .debug_macro   0x00001a8c       0x4c ./system/src/diag/Trace.o
 .debug_macro   0x00001ad8       0x16 ./system/src/diag/Trace.o
 .debug_macro   0x00001aee      0x2da ./system/src/diag/trace_impl.o
 .debug_macro   0x00001dc8       0x10 ./system/src/diag/trace_impl.o
 .debug_macro   0x00001dd8       0xcf ./system/src/diag/trace_impl.o
 .debug_macro   0x00001ea7       0xbe ./system/src/diag/trace_impl.o
 .debug_macro   0x00001f65       0x22 ./system/src/diag/trace_impl.o
 .debug_macro   0x00001f87      0x16b ./system/src/cortexm/_initialize_hardware.o
 .debug_macro   0x000020f2      0x324 ./system/src/cortexm/exception_handlers.o
 .debug_macro   0x00002416       0x3b ./system/src/cortexm/exception_handlers.o
 .debug_macro   0x00002451       0x10 ./system/src/cortexm/exception_handlers.o
 .debug_macro   0x00002461      0x16e ./system/src/cmsis/system_stm32f10x.o
 .debug_macro   0x000025cf       0x34 ./system/src/cmsis/vectors_stm32f10x.o
 .debug_macro   0x00002603       0x66 ./src/GPIO_program.o
 .debug_macro   0x00002669      0x88c ./src/GPIO_program.o
 .debug_macro   0x00002ef5       0x10 ./src/GPIO_program.o
 .debug_macro   0x00002f05       0x22 ./src/GPIO_program.o
 .debug_macro   0x00002f27       0x82 ./src/GPIO_program.o
 .debug_macro   0x00002fa9       0x97 ./src/HLCD.o
 .debug_macro   0x00003040      0x405 ./src/HLCD.o
 .debug_macro   0x00003445       0x88 ./src/HLCD.o
 .debug_macro   0x000034cd       0x64 ./src/HLCD.o
 .debug_macro   0x00003531       0x36 ./src/HLCD_config.o
 .debug_macro   0x00003567       0x52 ./src/HLED.o
 .debug_macro   0x000035b9       0x22 ./src/HLED.o
 .debug_macro   0x000035db       0x10 ./src/HLED.o
 .debug_macro   0x000035eb       0x5b ./src/HSwitch_Config.o
 .debug_macro   0x00003646       0x4f ./src/HSwitch_program.o
 .debug_macro   0x00003695       0x10 ./src/HSwitch_program.o
 .debug_macro   0x000036a5       0x4d ./src/RCC_program.o
 .debug_macro   0x000036f2       0x28 ./src/RCC_program.o
 .debug_macro   0x0000371a       0x54 ./src/SYSTICK.o
 .debug_macro   0x0000376e       0x1c ./src/SYSTICK.o
 .debug_macro   0x0000378a       0x16 ./src/SYSTICK.o
 .debug_macro   0x000037a0       0x5f ./src/Sched.o
 .debug_macro   0x000037ff       0x22 ./src/Sched.o
 .debug_macro   0x00003821       0x16 ./src/Sched.o
 .debug_macro   0x00003837       0x31 ./src/Sched_config.o
 .debug_macro   0x00003868       0x32 ./src/UART_program.o
 .debug_macro   0x0000389a      0x106 ./src/UART_program.o
 .debug_macro   0x000039a0       0x87 ./src/main.o
